Line Number: 1 Start position: 0 CLASS class null
Line Number: 1 Start position: 6 IDENTIFIER Foo null
Line Number: 1 Start position: 10 LEFT_BRACE { null
Line Number: 2 Start position: 14 IDENTIFIER getClosure null
Line Number: 2 Start position: 24 LEFT_PAREN ( null
Line Number: 2 Start position: 25 RIGHT_PAREN ) null
Line Number: 2 Start position: 27 LEFT_BRACE { null
Line Number: 3 Start position: 33 FUN fun null
Line Number: 3 Start position: 37 IDENTIFIER f null
Line Number: 3 Start position: 38 LEFT_PAREN ( null
Line Number: 3 Start position: 39 RIGHT_PAREN ) null
Line Number: 3 Start position: 41 LEFT_BRACE { null
Line Number: 4 Start position: 49 FUN fun null
Line Number: 4 Start position: 53 IDENTIFIER g null
Line Number: 4 Start position: 54 LEFT_PAREN ( null
Line Number: 4 Start position: 55 RIGHT_PAREN ) null
Line Number: 4 Start position: 57 LEFT_BRACE { null
Line Number: 5 Start position: 67 FUN fun null
Line Number: 5 Start position: 71 IDENTIFIER h null
Line Number: 5 Start position: 72 LEFT_PAREN ( null
Line Number: 5 Start position: 73 RIGHT_PAREN ) null
Line Number: 5 Start position: 75 LEFT_BRACE { null
Line Number: 6 Start position: 87 RETURN return null
Line Number: 6 Start position: 94 THIS this null
Line Number: 6 Start position: 98 DOT . null
Line Number: 6 Start position: 99 IDENTIFIER toString null
Line Number: 6 Start position: 107 LEFT_PAREN ( null
Line Number: 6 Start position: 108 RIGHT_PAREN ) null
Line Number: 6 Start position: 109 SEMICOLON ; null
Line Number: 7 Start position: 119 RIGHT_BRACE } null
Line Number: 8 Start position: 129 RETURN return null
Line Number: 8 Start position: 136 IDENTIFIER h null
Line Number: 8 Start position: 137 SEMICOLON ; null
Line Number: 9 Start position: 145 RIGHT_BRACE } null
Line Number: 10 Start position: 153 RETURN return null
Line Number: 10 Start position: 160 IDENTIFIER g null
Line Number: 10 Start position: 161 SEMICOLON ; null
Line Number: 11 Start position: 167 RIGHT_BRACE } null
Line Number: 12 Start position: 173 RETURN return null
Line Number: 12 Start position: 180 IDENTIFIER f null
Line Number: 12 Start position: 181 SEMICOLON ; null
Line Number: 13 Start position: 185 RIGHT_BRACE } null
Line Number: 15 Start position: 190 IDENTIFIER toString null
Line Number: 15 Start position: 198 LEFT_PAREN ( null
Line Number: 15 Start position: 199 RIGHT_PAREN ) null
Line Number: 15 Start position: 201 LEFT_BRACE { null
Line Number: 15 Start position: 203 RETURN return null
Line Number: 15 Start position: 210 STRING "Foo" Foo
Line Number: 15 Start position: 215 SEMICOLON ; null
Line Number: 15 Start position: 217 RIGHT_BRACE } null
Line Number: 16 Start position: 219 RIGHT_BRACE } null
Line Number: 18 Start position: 222 VAR var null
Line Number: 18 Start position: 226 IDENTIFIER closure null
Line Number: 18 Start position: 234 EQUAL = null
Line Number: 18 Start position: 236 IDENTIFIER Foo null
Line Number: 18 Start position: 239 LEFT_PAREN ( null
Line Number: 18 Start position: 240 RIGHT_PAREN ) null
Line Number: 18 Start position: 241 DOT . null
Line Number: 18 Start position: 242 IDENTIFIER getClosure null
Line Number: 18 Start position: 252 LEFT_PAREN ( null
Line Number: 18 Start position: 253 RIGHT_PAREN ) null
Line Number: 18 Start position: 254 SEMICOLON ; null
Line Number: 19 Start position: 256 PRINT print null
Line Number: 19 Start position: 262 IDENTIFIER closure null
Line Number: 19 Start position: 269 LEFT_PAREN ( null
Line Number: 19 Start position: 270 RIGHT_PAREN ) null
Line Number: 19 Start position: 271 LEFT_PAREN ( null
Line Number: 19 Start position: 272 RIGHT_PAREN ) null
Line Number: 19 Start position: 273 LEFT_PAREN ( null
Line Number: 19 Start position: 274 RIGHT_PAREN ) null
Line Number: 19 Start position: 275 SEMICOLON ; null
Line Number: 20 Start position: 291 EOF  null
