Line Number: 1 Start position: 0 CLASS class null
Line Number: 1 Start position: 6 IDENTIFIER Base null
Line Number: 1 Start position: 11 LEFT_BRACE { null
Line Number: 2 Start position: 15 IDENTIFIER toString null
Line Number: 2 Start position: 23 LEFT_PAREN ( null
Line Number: 2 Start position: 24 RIGHT_PAREN ) null
Line Number: 2 Start position: 26 LEFT_BRACE { null
Line Number: 2 Start position: 28 RETURN return null
Line Number: 2 Start position: 35 STRING "Base" Base
Line Number: 2 Start position: 41 SEMICOLON ; null
Line Number: 2 Start position: 43 RIGHT_BRACE } null
Line Number: 3 Start position: 45 RIGHT_BRACE } null
Line Number: 5 Start position: 48 CLASS class null
Line Number: 5 Start position: 54 IDENTIFIER Derived null
Line Number: 5 Start position: 62 LESS < null
Line Number: 5 Start position: 64 IDENTIFIER Base null
Line Number: 5 Start position: 69 LEFT_BRACE { null
Line Number: 6 Start position: 73 IDENTIFIER getClosure null
Line Number: 6 Start position: 83 LEFT_PAREN ( null
Line Number: 6 Start position: 84 RIGHT_PAREN ) null
Line Number: 6 Start position: 86 LEFT_BRACE { null
Line Number: 7 Start position: 92 FUN fun null
Line Number: 7 Start position: 96 IDENTIFIER closure null
Line Number: 7 Start position: 103 LEFT_PAREN ( null
Line Number: 7 Start position: 104 RIGHT_PAREN ) null
Line Number: 7 Start position: 106 LEFT_BRACE { null
Line Number: 8 Start position: 114 RETURN return null
Line Number: 8 Start position: 121 SUPER super null
Line Number: 8 Start position: 126 DOT . null
Line Number: 8 Start position: 127 IDENTIFIER toString null
Line Number: 8 Start position: 135 LEFT_PAREN ( null
Line Number: 8 Start position: 136 RIGHT_PAREN ) null
Line Number: 8 Start position: 137 SEMICOLON ; null
Line Number: 9 Start position: 143 RIGHT_BRACE } null
Line Number: 10 Start position: 149 RETURN return null
Line Number: 10 Start position: 156 IDENTIFIER closure null
Line Number: 10 Start position: 163 SEMICOLON ; null
Line Number: 11 Start position: 167 RIGHT_BRACE } null
Line Number: 13 Start position: 172 IDENTIFIER toString null
Line Number: 13 Start position: 180 LEFT_PAREN ( null
Line Number: 13 Start position: 181 RIGHT_PAREN ) null
Line Number: 13 Start position: 183 LEFT_BRACE { null
Line Number: 13 Start position: 185 RETURN return null
Line Number: 13 Start position: 192 STRING "Derived" Derived
Line Number: 13 Start position: 201 SEMICOLON ; null
Line Number: 13 Start position: 203 RIGHT_BRACE } null
Line Number: 14 Start position: 205 RIGHT_BRACE } null
Line Number: 16 Start position: 208 VAR var null
Line Number: 16 Start position: 212 IDENTIFIER closure null
Line Number: 16 Start position: 220 EQUAL = null
Line Number: 16 Start position: 222 IDENTIFIER Derived null
Line Number: 16 Start position: 229 LEFT_PAREN ( null
Line Number: 16 Start position: 230 RIGHT_PAREN ) null
Line Number: 16 Start position: 231 DOT . null
Line Number: 16 Start position: 232 IDENTIFIER getClosure null
Line Number: 16 Start position: 242 LEFT_PAREN ( null
Line Number: 16 Start position: 243 RIGHT_PAREN ) null
Line Number: 16 Start position: 244 SEMICOLON ; null
Line Number: 17 Start position: 246 PRINT print null
Line Number: 17 Start position: 252 IDENTIFIER closure null
Line Number: 17 Start position: 259 LEFT_PAREN ( null
Line Number: 17 Start position: 260 RIGHT_PAREN ) null
Line Number: 17 Start position: 261 SEMICOLON ; null
Line Number: 18 Start position: 278 EOF  null
