Line Number: 1 Start position: 0 CLASS class null
Line Number: 1 Start position: 6 IDENTIFIER Base null
Line Number: 1 Start position: 11 LEFT_BRACE { null
Line Number: 2 Start position: 15 IDENTIFIER init null
Line Number: 2 Start position: 19 LEFT_PAREN ( null
Line Number: 2 Start position: 20 IDENTIFIER a null
Line Number: 2 Start position: 21 COMMA , null
Line Number: 2 Start position: 23 IDENTIFIER b null
Line Number: 2 Start position: 24 RIGHT_PAREN ) null
Line Number: 2 Start position: 26 LEFT_BRACE { null
Line Number: 3 Start position: 32 PRINT print null
Line Number: 3 Start position: 38 STRING "Base.init(" Base.init(
Line Number: 3 Start position: 51 PLUS + null
Line Number: 3 Start position: 53 IDENTIFIER a null
Line Number: 3 Start position: 55 PLUS + null
Line Number: 3 Start position: 57 STRING ", " , 
Line Number: 3 Start position: 62 PLUS + null
Line Number: 3 Start position: 64 IDENTIFIER b null
Line Number: 3 Start position: 66 PLUS + null
Line Number: 3 Start position: 68 STRING ")" )
Line Number: 3 Start position: 71 SEMICOLON ; null
Line Number: 4 Start position: 75 RIGHT_BRACE } null
Line Number: 5 Start position: 77 RIGHT_BRACE } null
Line Number: 7 Start position: 80 CLASS class null
Line Number: 7 Start position: 86 IDENTIFIER Derived null
Line Number: 7 Start position: 94 LESS < null
Line Number: 7 Start position: 96 IDENTIFIER Base null
Line Number: 7 Start position: 101 LEFT_BRACE { null
Line Number: 8 Start position: 105 IDENTIFIER init null
Line Number: 8 Start position: 109 LEFT_PAREN ( null
Line Number: 8 Start position: 110 RIGHT_PAREN ) null
Line Number: 8 Start position: 112 LEFT_BRACE { null
Line Number: 9 Start position: 118 PRINT print null
Line Number: 9 Start position: 124 STRING "Derived.init()" Derived.init()
Line Number: 9 Start position: 140 SEMICOLON ; null
Line Number: 10 Start position: 146 SUPER super null
Line Number: 10 Start position: 151 DOT . null
Line Number: 10 Start position: 152 IDENTIFIER init null
Line Number: 10 Start position: 156 LEFT_PAREN ( null
Line Number: 10 Start position: 157 STRING "a" a
Line Number: 10 Start position: 160 COMMA , null
Line Number: 10 Start position: 162 STRING "b" b
Line Number: 10 Start position: 165 RIGHT_PAREN ) null
Line Number: 10 Start position: 166 SEMICOLON ; null
Line Number: 11 Start position: 170 RIGHT_BRACE } null
Line Number: 12 Start position: 172 RIGHT_BRACE } null
Line Number: 14 Start position: 175 IDENTIFIER Derived null
Line Number: 14 Start position: 182 LEFT_PAREN ( null
Line Number: 14 Start position: 183 RIGHT_PAREN ) null
Line Number: 14 Start position: 184 SEMICOLON ; null
Line Number: 17 Start position: 238 EOF  null
