Line Number: 1 Start position: 0 FUN fun null
Line Number: 1 Start position: 4 IDENTIFIER f null
Line Number: 1 Start position: 5 LEFT_PAREN ( null
Line Number: 1 Start position: 6 RIGHT_PAREN ) null
Line Number: 1 Start position: 8 LEFT_BRACE { null
Line Number: 4 Start position: 53 VAR var null
Line Number: 4 Start position: 57 IDENTIFIER v01 null
Line Number: 4 Start position: 60 SEMICOLON ; null
Line Number: 4 Start position: 62 VAR var null
Line Number: 4 Start position: 66 IDENTIFIER v02 null
Line Number: 4 Start position: 69 SEMICOLON ; null
Line Number: 4 Start position: 71 VAR var null
Line Number: 4 Start position: 75 IDENTIFIER v03 null
Line Number: 4 Start position: 78 SEMICOLON ; null
Line Number: 4 Start position: 80 VAR var null
Line Number: 4 Start position: 84 IDENTIFIER v04 null
Line Number: 4 Start position: 87 SEMICOLON ; null
Line Number: 4 Start position: 89 VAR var null
Line Number: 4 Start position: 93 IDENTIFIER v05 null
Line Number: 4 Start position: 96 SEMICOLON ; null
Line Number: 4 Start position: 98 VAR var null
Line Number: 4 Start position: 102 IDENTIFIER v06 null
Line Number: 4 Start position: 105 SEMICOLON ; null
Line Number: 4 Start position: 107 VAR var null
Line Number: 4 Start position: 111 IDENTIFIER v07 null
Line Number: 4 Start position: 114 SEMICOLON ; null
Line Number: 5 Start position: 118 VAR var null
Line Number: 5 Start position: 122 IDENTIFIER v08 null
Line Number: 5 Start position: 125 SEMICOLON ; null
Line Number: 5 Start position: 127 VAR var null
Line Number: 5 Start position: 131 IDENTIFIER v09 null
Line Number: 5 Start position: 134 SEMICOLON ; null
Line Number: 5 Start position: 136 VAR var null
Line Number: 5 Start position: 140 IDENTIFIER v0a null
Line Number: 5 Start position: 143 SEMICOLON ; null
Line Number: 5 Start position: 145 VAR var null
Line Number: 5 Start position: 149 IDENTIFIER v0b null
Line Number: 5 Start position: 152 SEMICOLON ; null
Line Number: 5 Start position: 154 VAR var null
Line Number: 5 Start position: 158 IDENTIFIER v0c null
Line Number: 5 Start position: 161 SEMICOLON ; null
Line Number: 5 Start position: 163 VAR var null
Line Number: 5 Start position: 167 IDENTIFIER v0d null
Line Number: 5 Start position: 170 SEMICOLON ; null
Line Number: 5 Start position: 172 VAR var null
Line Number: 5 Start position: 176 IDENTIFIER v0e null
Line Number: 5 Start position: 179 SEMICOLON ; null
Line Number: 5 Start position: 181 VAR var null
Line Number: 5 Start position: 185 IDENTIFIER v0f null
Line Number: 5 Start position: 188 SEMICOLON ; null
Line Number: 7 Start position: 193 VAR var null
Line Number: 7 Start position: 197 IDENTIFIER v10 null
Line Number: 7 Start position: 200 SEMICOLON ; null
Line Number: 7 Start position: 202 VAR var null
Line Number: 7 Start position: 206 IDENTIFIER v11 null
Line Number: 7 Start position: 209 SEMICOLON ; null
Line Number: 7 Start position: 211 VAR var null
Line Number: 7 Start position: 215 IDENTIFIER v12 null
Line Number: 7 Start position: 218 SEMICOLON ; null
Line Number: 7 Start position: 220 VAR var null
Line Number: 7 Start position: 224 IDENTIFIER v13 null
Line Number: 7 Start position: 227 SEMICOLON ; null
Line Number: 7 Start position: 229 VAR var null
Line Number: 7 Start position: 233 IDENTIFIER v14 null
Line Number: 7 Start position: 236 SEMICOLON ; null
Line Number: 7 Start position: 238 VAR var null
Line Number: 7 Start position: 242 IDENTIFIER v15 null
Line Number: 7 Start position: 245 SEMICOLON ; null
Line Number: 7 Start position: 247 VAR var null
Line Number: 7 Start position: 251 IDENTIFIER v16 null
Line Number: 7 Start position: 254 SEMICOLON ; null
Line Number: 7 Start position: 256 VAR var null
Line Number: 7 Start position: 260 IDENTIFIER v17 null
Line Number: 7 Start position: 263 SEMICOLON ; null
Line Number: 8 Start position: 267 VAR var null
Line Number: 8 Start position: 271 IDENTIFIER v18 null
Line Number: 8 Start position: 274 SEMICOLON ; null
Line Number: 8 Start position: 276 VAR var null
Line Number: 8 Start position: 280 IDENTIFIER v19 null
Line Number: 8 Start position: 283 SEMICOLON ; null
Line Number: 8 Start position: 285 VAR var null
Line Number: 8 Start position: 289 IDENTIFIER v1a null
Line Number: 8 Start position: 292 SEMICOLON ; null
Line Number: 8 Start position: 294 VAR var null
Line Number: 8 Start position: 298 IDENTIFIER v1b null
Line Number: 8 Start position: 301 SEMICOLON ; null
Line Number: 8 Start position: 303 VAR var null
Line Number: 8 Start position: 307 IDENTIFIER v1c null
Line Number: 8 Start position: 310 SEMICOLON ; null
Line Number: 8 Start position: 312 VAR var null
Line Number: 8 Start position: 316 IDENTIFIER v1d null
Line Number: 8 Start position: 319 SEMICOLON ; null
Line Number: 8 Start position: 321 VAR var null
Line Number: 8 Start position: 325 IDENTIFIER v1e null
Line Number: 8 Start position: 328 SEMICOLON ; null
Line Number: 8 Start position: 330 VAR var null
Line Number: 8 Start position: 334 IDENTIFIER v1f null
Line Number: 8 Start position: 337 SEMICOLON ; null
Line Number: 10 Start position: 342 VAR var null
Line Number: 10 Start position: 346 IDENTIFIER v20 null
Line Number: 10 Start position: 349 SEMICOLON ; null
Line Number: 10 Start position: 351 VAR var null
Line Number: 10 Start position: 355 IDENTIFIER v21 null
Line Number: 10 Start position: 358 SEMICOLON ; null
Line Number: 10 Start position: 360 VAR var null
Line Number: 10 Start position: 364 IDENTIFIER v22 null
Line Number: 10 Start position: 367 SEMICOLON ; null
Line Number: 10 Start position: 369 VAR var null
Line Number: 10 Start position: 373 IDENTIFIER v23 null
Line Number: 10 Start position: 376 SEMICOLON ; null
Line Number: 10 Start position: 378 VAR var null
Line Number: 10 Start position: 382 IDENTIFIER v24 null
Line Number: 10 Start position: 385 SEMICOLON ; null
Line Number: 10 Start position: 387 VAR var null
Line Number: 10 Start position: 391 IDENTIFIER v25 null
Line Number: 10 Start position: 394 SEMICOLON ; null
Line Number: 10 Start position: 396 VAR var null
Line Number: 10 Start position: 400 IDENTIFIER v26 null
Line Number: 10 Start position: 403 SEMICOLON ; null
Line Number: 10 Start position: 405 VAR var null
Line Number: 10 Start position: 409 IDENTIFIER v27 null
Line Number: 10 Start position: 412 SEMICOLON ; null
Line Number: 11 Start position: 416 VAR var null
Line Number: 11 Start position: 420 IDENTIFIER v28 null
Line Number: 11 Start position: 423 SEMICOLON ; null
Line Number: 11 Start position: 425 VAR var null
Line Number: 11 Start position: 429 IDENTIFIER v29 null
Line Number: 11 Start position: 432 SEMICOLON ; null
Line Number: 11 Start position: 434 VAR var null
Line Number: 11 Start position: 438 IDENTIFIER v2a null
Line Number: 11 Start position: 441 SEMICOLON ; null
Line Number: 11 Start position: 443 VAR var null
Line Number: 11 Start position: 447 IDENTIFIER v2b null
Line Number: 11 Start position: 450 SEMICOLON ; null
Line Number: 11 Start position: 452 VAR var null
Line Number: 11 Start position: 456 IDENTIFIER v2c null
Line Number: 11 Start position: 459 SEMICOLON ; null
Line Number: 11 Start position: 461 VAR var null
Line Number: 11 Start position: 465 IDENTIFIER v2d null
Line Number: 11 Start position: 468 SEMICOLON ; null
Line Number: 11 Start position: 470 VAR var null
Line Number: 11 Start position: 474 IDENTIFIER v2e null
Line Number: 11 Start position: 477 SEMICOLON ; null
Line Number: 11 Start position: 479 VAR var null
Line Number: 11 Start position: 483 IDENTIFIER v2f null
Line Number: 11 Start position: 486 SEMICOLON ; null
Line Number: 13 Start position: 491 VAR var null
Line Number: 13 Start position: 495 IDENTIFIER v30 null
Line Number: 13 Start position: 498 SEMICOLON ; null
Line Number: 13 Start position: 500 VAR var null
Line Number: 13 Start position: 504 IDENTIFIER v31 null
Line Number: 13 Start position: 507 SEMICOLON ; null
Line Number: 13 Start position: 509 VAR var null
Line Number: 13 Start position: 513 IDENTIFIER v32 null
Line Number: 13 Start position: 516 SEMICOLON ; null
Line Number: 13 Start position: 518 VAR var null
Line Number: 13 Start position: 522 IDENTIFIER v33 null
Line Number: 13 Start position: 525 SEMICOLON ; null
Line Number: 13 Start position: 527 VAR var null
Line Number: 13 Start position: 531 IDENTIFIER v34 null
Line Number: 13 Start position: 534 SEMICOLON ; null
Line Number: 13 Start position: 536 VAR var null
Line Number: 13 Start position: 540 IDENTIFIER v35 null
Line Number: 13 Start position: 543 SEMICOLON ; null
Line Number: 13 Start position: 545 VAR var null
Line Number: 13 Start position: 549 IDENTIFIER v36 null
Line Number: 13 Start position: 552 SEMICOLON ; null
Line Number: 13 Start position: 554 VAR var null
Line Number: 13 Start position: 558 IDENTIFIER v37 null
Line Number: 13 Start position: 561 SEMICOLON ; null
Line Number: 14 Start position: 565 VAR var null
Line Number: 14 Start position: 569 IDENTIFIER v38 null
Line Number: 14 Start position: 572 SEMICOLON ; null
Line Number: 14 Start position: 574 VAR var null
Line Number: 14 Start position: 578 IDENTIFIER v39 null
Line Number: 14 Start position: 581 SEMICOLON ; null
Line Number: 14 Start position: 583 VAR var null
Line Number: 14 Start position: 587 IDENTIFIER v3a null
Line Number: 14 Start position: 590 SEMICOLON ; null
Line Number: 14 Start position: 592 VAR var null
Line Number: 14 Start position: 596 IDENTIFIER v3b null
Line Number: 14 Start position: 599 SEMICOLON ; null
Line Number: 14 Start position: 601 VAR var null
Line Number: 14 Start position: 605 IDENTIFIER v3c null
Line Number: 14 Start position: 608 SEMICOLON ; null
Line Number: 14 Start position: 610 VAR var null
Line Number: 14 Start position: 614 IDENTIFIER v3d null
Line Number: 14 Start position: 617 SEMICOLON ; null
Line Number: 14 Start position: 619 VAR var null
Line Number: 14 Start position: 623 IDENTIFIER v3e null
Line Number: 14 Start position: 626 SEMICOLON ; null
Line Number: 14 Start position: 628 VAR var null
Line Number: 14 Start position: 632 IDENTIFIER v3f null
Line Number: 14 Start position: 635 SEMICOLON ; null
Line Number: 16 Start position: 640 VAR var null
Line Number: 16 Start position: 644 IDENTIFIER v40 null
Line Number: 16 Start position: 647 SEMICOLON ; null
Line Number: 16 Start position: 649 VAR var null
Line Number: 16 Start position: 653 IDENTIFIER v41 null
Line Number: 16 Start position: 656 SEMICOLON ; null
Line Number: 16 Start position: 658 VAR var null
Line Number: 16 Start position: 662 IDENTIFIER v42 null
Line Number: 16 Start position: 665 SEMICOLON ; null
Line Number: 16 Start position: 667 VAR var null
Line Number: 16 Start position: 671 IDENTIFIER v43 null
Line Number: 16 Start position: 674 SEMICOLON ; null
Line Number: 16 Start position: 676 VAR var null
Line Number: 16 Start position: 680 IDENTIFIER v44 null
Line Number: 16 Start position: 683 SEMICOLON ; null
Line Number: 16 Start position: 685 VAR var null
Line Number: 16 Start position: 689 IDENTIFIER v45 null
Line Number: 16 Start position: 692 SEMICOLON ; null
Line Number: 16 Start position: 694 VAR var null
Line Number: 16 Start position: 698 IDENTIFIER v46 null
Line Number: 16 Start position: 701 SEMICOLON ; null
Line Number: 16 Start position: 703 VAR var null
Line Number: 16 Start position: 707 IDENTIFIER v47 null
Line Number: 16 Start position: 710 SEMICOLON ; null
Line Number: 17 Start position: 714 VAR var null
Line Number: 17 Start position: 718 IDENTIFIER v48 null
Line Number: 17 Start position: 721 SEMICOLON ; null
Line Number: 17 Start position: 723 VAR var null
Line Number: 17 Start position: 727 IDENTIFIER v49 null
Line Number: 17 Start position: 730 SEMICOLON ; null
Line Number: 17 Start position: 732 VAR var null
Line Number: 17 Start position: 736 IDENTIFIER v4a null
Line Number: 17 Start position: 739 SEMICOLON ; null
Line Number: 17 Start position: 741 VAR var null
Line Number: 17 Start position: 745 IDENTIFIER v4b null
Line Number: 17 Start position: 748 SEMICOLON ; null
Line Number: 17 Start position: 750 VAR var null
Line Number: 17 Start position: 754 IDENTIFIER v4c null
Line Number: 17 Start position: 757 SEMICOLON ; null
Line Number: 17 Start position: 759 VAR var null
Line Number: 17 Start position: 763 IDENTIFIER v4d null
Line Number: 17 Start position: 766 SEMICOLON ; null
Line Number: 17 Start position: 768 VAR var null
Line Number: 17 Start position: 772 IDENTIFIER v4e null
Line Number: 17 Start position: 775 SEMICOLON ; null
Line Number: 17 Start position: 777 VAR var null
Line Number: 17 Start position: 781 IDENTIFIER v4f null
Line Number: 17 Start position: 784 SEMICOLON ; null
Line Number: 19 Start position: 789 VAR var null
Line Number: 19 Start position: 793 IDENTIFIER v50 null
Line Number: 19 Start position: 796 SEMICOLON ; null
Line Number: 19 Start position: 798 VAR var null
Line Number: 19 Start position: 802 IDENTIFIER v51 null
Line Number: 19 Start position: 805 SEMICOLON ; null
Line Number: 19 Start position: 807 VAR var null
Line Number: 19 Start position: 811 IDENTIFIER v52 null
Line Number: 19 Start position: 814 SEMICOLON ; null
Line Number: 19 Start position: 816 VAR var null
Line Number: 19 Start position: 820 IDENTIFIER v53 null
Line Number: 19 Start position: 823 SEMICOLON ; null
Line Number: 19 Start position: 825 VAR var null
Line Number: 19 Start position: 829 IDENTIFIER v54 null
Line Number: 19 Start position: 832 SEMICOLON ; null
Line Number: 19 Start position: 834 VAR var null
Line Number: 19 Start position: 838 IDENTIFIER v55 null
Line Number: 19 Start position: 841 SEMICOLON ; null
Line Number: 19 Start position: 843 VAR var null
Line Number: 19 Start position: 847 IDENTIFIER v56 null
Line Number: 19 Start position: 850 SEMICOLON ; null
Line Number: 19 Start position: 852 VAR var null
Line Number: 19 Start position: 856 IDENTIFIER v57 null
Line Number: 19 Start position: 859 SEMICOLON ; null
Line Number: 20 Start position: 863 VAR var null
Line Number: 20 Start position: 867 IDENTIFIER v58 null
Line Number: 20 Start position: 870 SEMICOLON ; null
Line Number: 20 Start position: 872 VAR var null
Line Number: 20 Start position: 876 IDENTIFIER v59 null
Line Number: 20 Start position: 879 SEMICOLON ; null
Line Number: 20 Start position: 881 VAR var null
Line Number: 20 Start position: 885 IDENTIFIER v5a null
Line Number: 20 Start position: 888 SEMICOLON ; null
Line Number: 20 Start position: 890 VAR var null
Line Number: 20 Start position: 894 IDENTIFIER v5b null
Line Number: 20 Start position: 897 SEMICOLON ; null
Line Number: 20 Start position: 899 VAR var null
Line Number: 20 Start position: 903 IDENTIFIER v5c null
Line Number: 20 Start position: 906 SEMICOLON ; null
Line Number: 20 Start position: 908 VAR var null
Line Number: 20 Start position: 912 IDENTIFIER v5d null
Line Number: 20 Start position: 915 SEMICOLON ; null
Line Number: 20 Start position: 917 VAR var null
Line Number: 20 Start position: 921 IDENTIFIER v5e null
Line Number: 20 Start position: 924 SEMICOLON ; null
Line Number: 20 Start position: 926 VAR var null
Line Number: 20 Start position: 930 IDENTIFIER v5f null
Line Number: 20 Start position: 933 SEMICOLON ; null
Line Number: 22 Start position: 938 VAR var null
Line Number: 22 Start position: 942 IDENTIFIER v60 null
Line Number: 22 Start position: 945 SEMICOLON ; null
Line Number: 22 Start position: 947 VAR var null
Line Number: 22 Start position: 951 IDENTIFIER v61 null
Line Number: 22 Start position: 954 SEMICOLON ; null
Line Number: 22 Start position: 956 VAR var null
Line Number: 22 Start position: 960 IDENTIFIER v62 null
Line Number: 22 Start position: 963 SEMICOLON ; null
Line Number: 22 Start position: 965 VAR var null
Line Number: 22 Start position: 969 IDENTIFIER v63 null
Line Number: 22 Start position: 972 SEMICOLON ; null
Line Number: 22 Start position: 974 VAR var null
Line Number: 22 Start position: 978 IDENTIFIER v64 null
Line Number: 22 Start position: 981 SEMICOLON ; null
Line Number: 22 Start position: 983 VAR var null
Line Number: 22 Start position: 987 IDENTIFIER v65 null
Line Number: 22 Start position: 990 SEMICOLON ; null
Line Number: 22 Start position: 992 VAR var null
Line Number: 22 Start position: 996 IDENTIFIER v66 null
Line Number: 22 Start position: 999 SEMICOLON ; null
Line Number: 22 Start position: 1001 VAR var null
Line Number: 22 Start position: 1005 IDENTIFIER v67 null
Line Number: 22 Start position: 1008 SEMICOLON ; null
Line Number: 23 Start position: 1012 VAR var null
Line Number: 23 Start position: 1016 IDENTIFIER v68 null
Line Number: 23 Start position: 1019 SEMICOLON ; null
Line Number: 23 Start position: 1021 VAR var null
Line Number: 23 Start position: 1025 IDENTIFIER v69 null
Line Number: 23 Start position: 1028 SEMICOLON ; null
Line Number: 23 Start position: 1030 VAR var null
Line Number: 23 Start position: 1034 IDENTIFIER v6a null
Line Number: 23 Start position: 1037 SEMICOLON ; null
Line Number: 23 Start position: 1039 VAR var null
Line Number: 23 Start position: 1043 IDENTIFIER v6b null
Line Number: 23 Start position: 1046 SEMICOLON ; null
Line Number: 23 Start position: 1048 VAR var null
Line Number: 23 Start position: 1052 IDENTIFIER v6c null
Line Number: 23 Start position: 1055 SEMICOLON ; null
Line Number: 23 Start position: 1057 VAR var null
Line Number: 23 Start position: 1061 IDENTIFIER v6d null
Line Number: 23 Start position: 1064 SEMICOLON ; null
Line Number: 23 Start position: 1066 VAR var null
Line Number: 23 Start position: 1070 IDENTIFIER v6e null
Line Number: 23 Start position: 1073 SEMICOLON ; null
Line Number: 23 Start position: 1075 VAR var null
Line Number: 23 Start position: 1079 IDENTIFIER v6f null
Line Number: 23 Start position: 1082 SEMICOLON ; null
Line Number: 25 Start position: 1087 VAR var null
Line Number: 25 Start position: 1091 IDENTIFIER v70 null
Line Number: 25 Start position: 1094 SEMICOLON ; null
Line Number: 25 Start position: 1096 VAR var null
Line Number: 25 Start position: 1100 IDENTIFIER v71 null
Line Number: 25 Start position: 1103 SEMICOLON ; null
Line Number: 25 Start position: 1105 VAR var null
Line Number: 25 Start position: 1109 IDENTIFIER v72 null
Line Number: 25 Start position: 1112 SEMICOLON ; null
Line Number: 25 Start position: 1114 VAR var null
Line Number: 25 Start position: 1118 IDENTIFIER v73 null
Line Number: 25 Start position: 1121 SEMICOLON ; null
Line Number: 25 Start position: 1123 VAR var null
Line Number: 25 Start position: 1127 IDENTIFIER v74 null
Line Number: 25 Start position: 1130 SEMICOLON ; null
Line Number: 25 Start position: 1132 VAR var null
Line Number: 25 Start position: 1136 IDENTIFIER v75 null
Line Number: 25 Start position: 1139 SEMICOLON ; null
Line Number: 25 Start position: 1141 VAR var null
Line Number: 25 Start position: 1145 IDENTIFIER v76 null
Line Number: 25 Start position: 1148 SEMICOLON ; null
Line Number: 25 Start position: 1150 VAR var null
Line Number: 25 Start position: 1154 IDENTIFIER v77 null
Line Number: 25 Start position: 1157 SEMICOLON ; null
Line Number: 26 Start position: 1161 VAR var null
Line Number: 26 Start position: 1165 IDENTIFIER v78 null
Line Number: 26 Start position: 1168 SEMICOLON ; null
Line Number: 26 Start position: 1170 VAR var null
Line Number: 26 Start position: 1174 IDENTIFIER v79 null
Line Number: 26 Start position: 1177 SEMICOLON ; null
Line Number: 26 Start position: 1179 VAR var null
Line Number: 26 Start position: 1183 IDENTIFIER v7a null
Line Number: 26 Start position: 1186 SEMICOLON ; null
Line Number: 26 Start position: 1188 VAR var null
Line Number: 26 Start position: 1192 IDENTIFIER v7b null
Line Number: 26 Start position: 1195 SEMICOLON ; null
Line Number: 26 Start position: 1197 VAR var null
Line Number: 26 Start position: 1201 IDENTIFIER v7c null
Line Number: 26 Start position: 1204 SEMICOLON ; null
Line Number: 26 Start position: 1206 VAR var null
Line Number: 26 Start position: 1210 IDENTIFIER v7d null
Line Number: 26 Start position: 1213 SEMICOLON ; null
Line Number: 26 Start position: 1215 VAR var null
Line Number: 26 Start position: 1219 IDENTIFIER v7e null
Line Number: 26 Start position: 1222 SEMICOLON ; null
Line Number: 26 Start position: 1224 VAR var null
Line Number: 26 Start position: 1228 IDENTIFIER v7f null
Line Number: 26 Start position: 1231 SEMICOLON ; null
Line Number: 28 Start position: 1236 VAR var null
Line Number: 28 Start position: 1240 IDENTIFIER v80 null
Line Number: 28 Start position: 1243 SEMICOLON ; null
Line Number: 28 Start position: 1245 VAR var null
Line Number: 28 Start position: 1249 IDENTIFIER v81 null
Line Number: 28 Start position: 1252 SEMICOLON ; null
Line Number: 28 Start position: 1254 VAR var null
Line Number: 28 Start position: 1258 IDENTIFIER v82 null
Line Number: 28 Start position: 1261 SEMICOLON ; null
Line Number: 28 Start position: 1263 VAR var null
Line Number: 28 Start position: 1267 IDENTIFIER v83 null
Line Number: 28 Start position: 1270 SEMICOLON ; null
Line Number: 28 Start position: 1272 VAR var null
Line Number: 28 Start position: 1276 IDENTIFIER v84 null
Line Number: 28 Start position: 1279 SEMICOLON ; null
Line Number: 28 Start position: 1281 VAR var null
Line Number: 28 Start position: 1285 IDENTIFIER v85 null
Line Number: 28 Start position: 1288 SEMICOLON ; null
Line Number: 28 Start position: 1290 VAR var null
Line Number: 28 Start position: 1294 IDENTIFIER v86 null
Line Number: 28 Start position: 1297 SEMICOLON ; null
Line Number: 28 Start position: 1299 VAR var null
Line Number: 28 Start position: 1303 IDENTIFIER v87 null
Line Number: 28 Start position: 1306 SEMICOLON ; null
Line Number: 29 Start position: 1310 VAR var null
Line Number: 29 Start position: 1314 IDENTIFIER v88 null
Line Number: 29 Start position: 1317 SEMICOLON ; null
Line Number: 29 Start position: 1319 VAR var null
Line Number: 29 Start position: 1323 IDENTIFIER v89 null
Line Number: 29 Start position: 1326 SEMICOLON ; null
Line Number: 29 Start position: 1328 VAR var null
Line Number: 29 Start position: 1332 IDENTIFIER v8a null
Line Number: 29 Start position: 1335 SEMICOLON ; null
Line Number: 29 Start position: 1337 VAR var null
Line Number: 29 Start position: 1341 IDENTIFIER v8b null
Line Number: 29 Start position: 1344 SEMICOLON ; null
Line Number: 29 Start position: 1346 VAR var null
Line Number: 29 Start position: 1350 IDENTIFIER v8c null
Line Number: 29 Start position: 1353 SEMICOLON ; null
Line Number: 29 Start position: 1355 VAR var null
Line Number: 29 Start position: 1359 IDENTIFIER v8d null
Line Number: 29 Start position: 1362 SEMICOLON ; null
Line Number: 29 Start position: 1364 VAR var null
Line Number: 29 Start position: 1368 IDENTIFIER v8e null
Line Number: 29 Start position: 1371 SEMICOLON ; null
Line Number: 29 Start position: 1373 VAR var null
Line Number: 29 Start position: 1377 IDENTIFIER v8f null
Line Number: 29 Start position: 1380 SEMICOLON ; null
Line Number: 31 Start position: 1385 VAR var null
Line Number: 31 Start position: 1389 IDENTIFIER v90 null
Line Number: 31 Start position: 1392 SEMICOLON ; null
Line Number: 31 Start position: 1394 VAR var null
Line Number: 31 Start position: 1398 IDENTIFIER v91 null
Line Number: 31 Start position: 1401 SEMICOLON ; null
Line Number: 31 Start position: 1403 VAR var null
Line Number: 31 Start position: 1407 IDENTIFIER v92 null
Line Number: 31 Start position: 1410 SEMICOLON ; null
Line Number: 31 Start position: 1412 VAR var null
Line Number: 31 Start position: 1416 IDENTIFIER v93 null
Line Number: 31 Start position: 1419 SEMICOLON ; null
Line Number: 31 Start position: 1421 VAR var null
Line Number: 31 Start position: 1425 IDENTIFIER v94 null
Line Number: 31 Start position: 1428 SEMICOLON ; null
Line Number: 31 Start position: 1430 VAR var null
Line Number: 31 Start position: 1434 IDENTIFIER v95 null
Line Number: 31 Start position: 1437 SEMICOLON ; null
Line Number: 31 Start position: 1439 VAR var null
Line Number: 31 Start position: 1443 IDENTIFIER v96 null
Line Number: 31 Start position: 1446 SEMICOLON ; null
Line Number: 31 Start position: 1448 VAR var null
Line Number: 31 Start position: 1452 IDENTIFIER v97 null
Line Number: 31 Start position: 1455 SEMICOLON ; null
Line Number: 32 Start position: 1459 VAR var null
Line Number: 32 Start position: 1463 IDENTIFIER v98 null
Line Number: 32 Start position: 1466 SEMICOLON ; null
Line Number: 32 Start position: 1468 VAR var null
Line Number: 32 Start position: 1472 IDENTIFIER v99 null
Line Number: 32 Start position: 1475 SEMICOLON ; null
Line Number: 32 Start position: 1477 VAR var null
Line Number: 32 Start position: 1481 IDENTIFIER v9a null
Line Number: 32 Start position: 1484 SEMICOLON ; null
Line Number: 32 Start position: 1486 VAR var null
Line Number: 32 Start position: 1490 IDENTIFIER v9b null
Line Number: 32 Start position: 1493 SEMICOLON ; null
Line Number: 32 Start position: 1495 VAR var null
Line Number: 32 Start position: 1499 IDENTIFIER v9c null
Line Number: 32 Start position: 1502 SEMICOLON ; null
Line Number: 32 Start position: 1504 VAR var null
Line Number: 32 Start position: 1508 IDENTIFIER v9d null
Line Number: 32 Start position: 1511 SEMICOLON ; null
Line Number: 32 Start position: 1513 VAR var null
Line Number: 32 Start position: 1517 IDENTIFIER v9e null
Line Number: 32 Start position: 1520 SEMICOLON ; null
Line Number: 32 Start position: 1522 VAR var null
Line Number: 32 Start position: 1526 IDENTIFIER v9f null
Line Number: 32 Start position: 1529 SEMICOLON ; null
Line Number: 34 Start position: 1534 VAR var null
Line Number: 34 Start position: 1538 IDENTIFIER va0 null
Line Number: 34 Start position: 1541 SEMICOLON ; null
Line Number: 34 Start position: 1543 VAR var null
Line Number: 34 Start position: 1547 IDENTIFIER va1 null
Line Number: 34 Start position: 1550 SEMICOLON ; null
Line Number: 34 Start position: 1552 VAR var null
Line Number: 34 Start position: 1556 IDENTIFIER va2 null
Line Number: 34 Start position: 1559 SEMICOLON ; null
Line Number: 34 Start position: 1561 VAR var null
Line Number: 34 Start position: 1565 IDENTIFIER va3 null
Line Number: 34 Start position: 1568 SEMICOLON ; null
Line Number: 34 Start position: 1570 VAR var null
Line Number: 34 Start position: 1574 IDENTIFIER va4 null
Line Number: 34 Start position: 1577 SEMICOLON ; null
Line Number: 34 Start position: 1579 VAR var null
Line Number: 34 Start position: 1583 IDENTIFIER va5 null
Line Number: 34 Start position: 1586 SEMICOLON ; null
Line Number: 34 Start position: 1588 VAR var null
Line Number: 34 Start position: 1592 IDENTIFIER va6 null
Line Number: 34 Start position: 1595 SEMICOLON ; null
Line Number: 34 Start position: 1597 VAR var null
Line Number: 34 Start position: 1601 IDENTIFIER va7 null
Line Number: 34 Start position: 1604 SEMICOLON ; null
Line Number: 35 Start position: 1608 VAR var null
Line Number: 35 Start position: 1612 IDENTIFIER va8 null
Line Number: 35 Start position: 1615 SEMICOLON ; null
Line Number: 35 Start position: 1617 VAR var null
Line Number: 35 Start position: 1621 IDENTIFIER va9 null
Line Number: 35 Start position: 1624 SEMICOLON ; null
Line Number: 35 Start position: 1626 VAR var null
Line Number: 35 Start position: 1630 IDENTIFIER vaa null
Line Number: 35 Start position: 1633 SEMICOLON ; null
Line Number: 35 Start position: 1635 VAR var null
Line Number: 35 Start position: 1639 IDENTIFIER vab null
Line Number: 35 Start position: 1642 SEMICOLON ; null
Line Number: 35 Start position: 1644 VAR var null
Line Number: 35 Start position: 1648 IDENTIFIER vac null
Line Number: 35 Start position: 1651 SEMICOLON ; null
Line Number: 35 Start position: 1653 VAR var null
Line Number: 35 Start position: 1657 IDENTIFIER vad null
Line Number: 35 Start position: 1660 SEMICOLON ; null
Line Number: 35 Start position: 1662 VAR var null
Line Number: 35 Start position: 1666 IDENTIFIER vae null
Line Number: 35 Start position: 1669 SEMICOLON ; null
Line Number: 35 Start position: 1671 VAR var null
Line Number: 35 Start position: 1675 IDENTIFIER vaf null
Line Number: 35 Start position: 1678 SEMICOLON ; null
Line Number: 37 Start position: 1683 VAR var null
Line Number: 37 Start position: 1687 IDENTIFIER vb0 null
Line Number: 37 Start position: 1690 SEMICOLON ; null
Line Number: 37 Start position: 1692 VAR var null
Line Number: 37 Start position: 1696 IDENTIFIER vb1 null
Line Number: 37 Start position: 1699 SEMICOLON ; null
Line Number: 37 Start position: 1701 VAR var null
Line Number: 37 Start position: 1705 IDENTIFIER vb2 null
Line Number: 37 Start position: 1708 SEMICOLON ; null
Line Number: 37 Start position: 1710 VAR var null
Line Number: 37 Start position: 1714 IDENTIFIER vb3 null
Line Number: 37 Start position: 1717 SEMICOLON ; null
Line Number: 37 Start position: 1719 VAR var null
Line Number: 37 Start position: 1723 IDENTIFIER vb4 null
Line Number: 37 Start position: 1726 SEMICOLON ; null
Line Number: 37 Start position: 1728 VAR var null
Line Number: 37 Start position: 1732 IDENTIFIER vb5 null
Line Number: 37 Start position: 1735 SEMICOLON ; null
Line Number: 37 Start position: 1737 VAR var null
Line Number: 37 Start position: 1741 IDENTIFIER vb6 null
Line Number: 37 Start position: 1744 SEMICOLON ; null
Line Number: 37 Start position: 1746 VAR var null
Line Number: 37 Start position: 1750 IDENTIFIER vb7 null
Line Number: 37 Start position: 1753 SEMICOLON ; null
Line Number: 38 Start position: 1757 VAR var null
Line Number: 38 Start position: 1761 IDENTIFIER vb8 null
Line Number: 38 Start position: 1764 SEMICOLON ; null
Line Number: 38 Start position: 1766 VAR var null
Line Number: 38 Start position: 1770 IDENTIFIER vb9 null
Line Number: 38 Start position: 1773 SEMICOLON ; null
Line Number: 38 Start position: 1775 VAR var null
Line Number: 38 Start position: 1779 IDENTIFIER vba null
Line Number: 38 Start position: 1782 SEMICOLON ; null
Line Number: 38 Start position: 1784 VAR var null
Line Number: 38 Start position: 1788 IDENTIFIER vbb null
Line Number: 38 Start position: 1791 SEMICOLON ; null
Line Number: 38 Start position: 1793 VAR var null
Line Number: 38 Start position: 1797 IDENTIFIER vbc null
Line Number: 38 Start position: 1800 SEMICOLON ; null
Line Number: 38 Start position: 1802 VAR var null
Line Number: 38 Start position: 1806 IDENTIFIER vbd null
Line Number: 38 Start position: 1809 SEMICOLON ; null
Line Number: 38 Start position: 1811 VAR var null
Line Number: 38 Start position: 1815 IDENTIFIER vbe null
Line Number: 38 Start position: 1818 SEMICOLON ; null
Line Number: 38 Start position: 1820 VAR var null
Line Number: 38 Start position: 1824 IDENTIFIER vbf null
Line Number: 38 Start position: 1827 SEMICOLON ; null
Line Number: 40 Start position: 1832 VAR var null
Line Number: 40 Start position: 1836 IDENTIFIER vc0 null
Line Number: 40 Start position: 1839 SEMICOLON ; null
Line Number: 40 Start position: 1841 VAR var null
Line Number: 40 Start position: 1845 IDENTIFIER vc1 null
Line Number: 40 Start position: 1848 SEMICOLON ; null
Line Number: 40 Start position: 1850 VAR var null
Line Number: 40 Start position: 1854 IDENTIFIER vc2 null
Line Number: 40 Start position: 1857 SEMICOLON ; null
Line Number: 40 Start position: 1859 VAR var null
Line Number: 40 Start position: 1863 IDENTIFIER vc3 null
Line Number: 40 Start position: 1866 SEMICOLON ; null
Line Number: 40 Start position: 1868 VAR var null
Line Number: 40 Start position: 1872 IDENTIFIER vc4 null
Line Number: 40 Start position: 1875 SEMICOLON ; null
Line Number: 40 Start position: 1877 VAR var null
Line Number: 40 Start position: 1881 IDENTIFIER vc5 null
Line Number: 40 Start position: 1884 SEMICOLON ; null
Line Number: 40 Start position: 1886 VAR var null
Line Number: 40 Start position: 1890 IDENTIFIER vc6 null
Line Number: 40 Start position: 1893 SEMICOLON ; null
Line Number: 40 Start position: 1895 VAR var null
Line Number: 40 Start position: 1899 IDENTIFIER vc7 null
Line Number: 40 Start position: 1902 SEMICOLON ; null
Line Number: 41 Start position: 1906 VAR var null
Line Number: 41 Start position: 1910 IDENTIFIER vc8 null
Line Number: 41 Start position: 1913 SEMICOLON ; null
Line Number: 41 Start position: 1915 VAR var null
Line Number: 41 Start position: 1919 IDENTIFIER vc9 null
Line Number: 41 Start position: 1922 SEMICOLON ; null
Line Number: 41 Start position: 1924 VAR var null
Line Number: 41 Start position: 1928 IDENTIFIER vca null
Line Number: 41 Start position: 1931 SEMICOLON ; null
Line Number: 41 Start position: 1933 VAR var null
Line Number: 41 Start position: 1937 IDENTIFIER vcb null
Line Number: 41 Start position: 1940 SEMICOLON ; null
Line Number: 41 Start position: 1942 VAR var null
Line Number: 41 Start position: 1946 IDENTIFIER vcc null
Line Number: 41 Start position: 1949 SEMICOLON ; null
Line Number: 41 Start position: 1951 VAR var null
Line Number: 41 Start position: 1955 IDENTIFIER vcd null
Line Number: 41 Start position: 1958 SEMICOLON ; null
Line Number: 41 Start position: 1960 VAR var null
Line Number: 41 Start position: 1964 IDENTIFIER vce null
Line Number: 41 Start position: 1967 SEMICOLON ; null
Line Number: 41 Start position: 1969 VAR var null
Line Number: 41 Start position: 1973 IDENTIFIER vcf null
Line Number: 41 Start position: 1976 SEMICOLON ; null
Line Number: 43 Start position: 1981 VAR var null
Line Number: 43 Start position: 1985 IDENTIFIER vd0 null
Line Number: 43 Start position: 1988 SEMICOLON ; null
Line Number: 43 Start position: 1990 VAR var null
Line Number: 43 Start position: 1994 IDENTIFIER vd1 null
Line Number: 43 Start position: 1997 SEMICOLON ; null
Line Number: 43 Start position: 1999 VAR var null
Line Number: 43 Start position: 2003 IDENTIFIER vd2 null
Line Number: 43 Start position: 2006 SEMICOLON ; null
Line Number: 43 Start position: 2008 VAR var null
Line Number: 43 Start position: 2012 IDENTIFIER vd3 null
Line Number: 43 Start position: 2015 SEMICOLON ; null
Line Number: 43 Start position: 2017 VAR var null
Line Number: 43 Start position: 2021 IDENTIFIER vd4 null
Line Number: 43 Start position: 2024 SEMICOLON ; null
Line Number: 43 Start position: 2026 VAR var null
Line Number: 43 Start position: 2030 IDENTIFIER vd5 null
Line Number: 43 Start position: 2033 SEMICOLON ; null
Line Number: 43 Start position: 2035 VAR var null
Line Number: 43 Start position: 2039 IDENTIFIER vd6 null
Line Number: 43 Start position: 2042 SEMICOLON ; null
Line Number: 43 Start position: 2044 VAR var null
Line Number: 43 Start position: 2048 IDENTIFIER vd7 null
Line Number: 43 Start position: 2051 SEMICOLON ; null
Line Number: 44 Start position: 2055 VAR var null
Line Number: 44 Start position: 2059 IDENTIFIER vd8 null
Line Number: 44 Start position: 2062 SEMICOLON ; null
Line Number: 44 Start position: 2064 VAR var null
Line Number: 44 Start position: 2068 IDENTIFIER vd9 null
Line Number: 44 Start position: 2071 SEMICOLON ; null
Line Number: 44 Start position: 2073 VAR var null
Line Number: 44 Start position: 2077 IDENTIFIER vda null
Line Number: 44 Start position: 2080 SEMICOLON ; null
Line Number: 44 Start position: 2082 VAR var null
Line Number: 44 Start position: 2086 IDENTIFIER vdb null
Line Number: 44 Start position: 2089 SEMICOLON ; null
Line Number: 44 Start position: 2091 VAR var null
Line Number: 44 Start position: 2095 IDENTIFIER vdc null
Line Number: 44 Start position: 2098 SEMICOLON ; null
Line Number: 44 Start position: 2100 VAR var null
Line Number: 44 Start position: 2104 IDENTIFIER vdd null
Line Number: 44 Start position: 2107 SEMICOLON ; null
Line Number: 44 Start position: 2109 VAR var null
Line Number: 44 Start position: 2113 IDENTIFIER vde null
Line Number: 44 Start position: 2116 SEMICOLON ; null
Line Number: 44 Start position: 2118 VAR var null
Line Number: 44 Start position: 2122 IDENTIFIER vdf null
Line Number: 44 Start position: 2125 SEMICOLON ; null
Line Number: 46 Start position: 2130 VAR var null
Line Number: 46 Start position: 2134 IDENTIFIER ve0 null
Line Number: 46 Start position: 2137 SEMICOLON ; null
Line Number: 46 Start position: 2139 VAR var null
Line Number: 46 Start position: 2143 IDENTIFIER ve1 null
Line Number: 46 Start position: 2146 SEMICOLON ; null
Line Number: 46 Start position: 2148 VAR var null
Line Number: 46 Start position: 2152 IDENTIFIER ve2 null
Line Number: 46 Start position: 2155 SEMICOLON ; null
Line Number: 46 Start position: 2157 VAR var null
Line Number: 46 Start position: 2161 IDENTIFIER ve3 null
Line Number: 46 Start position: 2164 SEMICOLON ; null
Line Number: 46 Start position: 2166 VAR var null
Line Number: 46 Start position: 2170 IDENTIFIER ve4 null
Line Number: 46 Start position: 2173 SEMICOLON ; null
Line Number: 46 Start position: 2175 VAR var null
Line Number: 46 Start position: 2179 IDENTIFIER ve5 null
Line Number: 46 Start position: 2182 SEMICOLON ; null
Line Number: 46 Start position: 2184 VAR var null
Line Number: 46 Start position: 2188 IDENTIFIER ve6 null
Line Number: 46 Start position: 2191 SEMICOLON ; null
Line Number: 46 Start position: 2193 VAR var null
Line Number: 46 Start position: 2197 IDENTIFIER ve7 null
Line Number: 46 Start position: 2200 SEMICOLON ; null
Line Number: 47 Start position: 2204 VAR var null
Line Number: 47 Start position: 2208 IDENTIFIER ve8 null
Line Number: 47 Start position: 2211 SEMICOLON ; null
Line Number: 47 Start position: 2213 VAR var null
Line Number: 47 Start position: 2217 IDENTIFIER ve9 null
Line Number: 47 Start position: 2220 SEMICOLON ; null
Line Number: 47 Start position: 2222 VAR var null
Line Number: 47 Start position: 2226 IDENTIFIER vea null
Line Number: 47 Start position: 2229 SEMICOLON ; null
Line Number: 47 Start position: 2231 VAR var null
Line Number: 47 Start position: 2235 IDENTIFIER veb null
Line Number: 47 Start position: 2238 SEMICOLON ; null
Line Number: 47 Start position: 2240 VAR var null
Line Number: 47 Start position: 2244 IDENTIFIER vec null
Line Number: 47 Start position: 2247 SEMICOLON ; null
Line Number: 47 Start position: 2249 VAR var null
Line Number: 47 Start position: 2253 IDENTIFIER ved null
Line Number: 47 Start position: 2256 SEMICOLON ; null
Line Number: 47 Start position: 2258 VAR var null
Line Number: 47 Start position: 2262 IDENTIFIER vee null
Line Number: 47 Start position: 2265 SEMICOLON ; null
Line Number: 47 Start position: 2267 VAR var null
Line Number: 47 Start position: 2271 IDENTIFIER vef null
Line Number: 47 Start position: 2274 SEMICOLON ; null
Line Number: 49 Start position: 2279 VAR var null
Line Number: 49 Start position: 2283 IDENTIFIER vf0 null
Line Number: 49 Start position: 2286 SEMICOLON ; null
Line Number: 49 Start position: 2288 VAR var null
Line Number: 49 Start position: 2292 IDENTIFIER vf1 null
Line Number: 49 Start position: 2295 SEMICOLON ; null
Line Number: 49 Start position: 2297 VAR var null
Line Number: 49 Start position: 2301 IDENTIFIER vf2 null
Line Number: 49 Start position: 2304 SEMICOLON ; null
Line Number: 49 Start position: 2306 VAR var null
Line Number: 49 Start position: 2310 IDENTIFIER vf3 null
Line Number: 49 Start position: 2313 SEMICOLON ; null
Line Number: 49 Start position: 2315 VAR var null
Line Number: 49 Start position: 2319 IDENTIFIER vf4 null
Line Number: 49 Start position: 2322 SEMICOLON ; null
Line Number: 49 Start position: 2324 VAR var null
Line Number: 49 Start position: 2328 IDENTIFIER vf5 null
Line Number: 49 Start position: 2331 SEMICOLON ; null
Line Number: 49 Start position: 2333 VAR var null
Line Number: 49 Start position: 2337 IDENTIFIER vf6 null
Line Number: 49 Start position: 2340 SEMICOLON ; null
Line Number: 49 Start position: 2342 VAR var null
Line Number: 49 Start position: 2346 IDENTIFIER vf7 null
Line Number: 49 Start position: 2349 SEMICOLON ; null
Line Number: 50 Start position: 2353 VAR var null
Line Number: 50 Start position: 2357 IDENTIFIER vf8 null
Line Number: 50 Start position: 2360 SEMICOLON ; null
Line Number: 50 Start position: 2362 VAR var null
Line Number: 50 Start position: 2366 IDENTIFIER vf9 null
Line Number: 50 Start position: 2369 SEMICOLON ; null
Line Number: 50 Start position: 2371 VAR var null
Line Number: 50 Start position: 2375 IDENTIFIER vfa null
Line Number: 50 Start position: 2378 SEMICOLON ; null
Line Number: 50 Start position: 2380 VAR var null
Line Number: 50 Start position: 2384 IDENTIFIER vfb null
Line Number: 50 Start position: 2387 SEMICOLON ; null
Line Number: 50 Start position: 2389 VAR var null
Line Number: 50 Start position: 2393 IDENTIFIER vfc null
Line Number: 50 Start position: 2396 SEMICOLON ; null
Line Number: 50 Start position: 2398 VAR var null
Line Number: 50 Start position: 2402 IDENTIFIER vfd null
Line Number: 50 Start position: 2405 SEMICOLON ; null
Line Number: 50 Start position: 2407 VAR var null
Line Number: 50 Start position: 2411 IDENTIFIER vfe null
Line Number: 50 Start position: 2414 SEMICOLON ; null
Line Number: 50 Start position: 2416 VAR var null
Line Number: 50 Start position: 2420 IDENTIFIER vff null
Line Number: 50 Start position: 2423 SEMICOLON ; null
Line Number: 52 Start position: 2428 VAR var null
Line Number: 52 Start position: 2432 IDENTIFIER oops null
Line Number: 52 Start position: 2436 SEMICOLON ; null
Line Number: 53 Start position: 2496 RIGHT_BRACE } null
Line Number: 54 Start position: 2497 EOF  null
