Line Number: 1 Start position: 0 FUN fun null
Line Number: 1 Start position: 4 IDENTIFIER f null
Line Number: 1 Start position: 5 LEFT_PAREN ( null
Line Number: 1 Start position: 6 RIGHT_PAREN ) null
Line Number: 1 Start position: 8 LEFT_BRACE { null
Line Number: 2 Start position: 12 NUMBER 0 0.0
Line Number: 2 Start position: 13 SEMICOLON ; null
Line Number: 2 Start position: 15 NUMBER 1 1.0
Line Number: 2 Start position: 16 SEMICOLON ; null
Line Number: 2 Start position: 18 NUMBER 2 2.0
Line Number: 2 Start position: 19 SEMICOLON ; null
Line Number: 2 Start position: 21 NUMBER 3 3.0
Line Number: 2 Start position: 22 SEMICOLON ; null
Line Number: 2 Start position: 24 NUMBER 4 4.0
Line Number: 2 Start position: 25 SEMICOLON ; null
Line Number: 2 Start position: 27 NUMBER 5 5.0
Line Number: 2 Start position: 28 SEMICOLON ; null
Line Number: 2 Start position: 30 NUMBER 6 6.0
Line Number: 2 Start position: 31 SEMICOLON ; null
Line Number: 2 Start position: 33 NUMBER 7 7.0
Line Number: 2 Start position: 34 SEMICOLON ; null
Line Number: 3 Start position: 38 NUMBER 8 8.0
Line Number: 3 Start position: 39 SEMICOLON ; null
Line Number: 3 Start position: 41 NUMBER 9 9.0
Line Number: 3 Start position: 42 SEMICOLON ; null
Line Number: 3 Start position: 44 NUMBER 10 10.0
Line Number: 3 Start position: 46 SEMICOLON ; null
Line Number: 3 Start position: 48 NUMBER 11 11.0
Line Number: 3 Start position: 50 SEMICOLON ; null
Line Number: 3 Start position: 52 NUMBER 12 12.0
Line Number: 3 Start position: 54 SEMICOLON ; null
Line Number: 3 Start position: 56 NUMBER 13 13.0
Line Number: 3 Start position: 58 SEMICOLON ; null
Line Number: 3 Start position: 60 NUMBER 14 14.0
Line Number: 3 Start position: 62 SEMICOLON ; null
Line Number: 3 Start position: 64 NUMBER 15 15.0
Line Number: 3 Start position: 66 SEMICOLON ; null
Line Number: 4 Start position: 70 NUMBER 16 16.0
Line Number: 4 Start position: 72 SEMICOLON ; null
Line Number: 4 Start position: 74 NUMBER 17 17.0
Line Number: 4 Start position: 76 SEMICOLON ; null
Line Number: 4 Start position: 78 NUMBER 18 18.0
Line Number: 4 Start position: 80 SEMICOLON ; null
Line Number: 4 Start position: 82 NUMBER 19 19.0
Line Number: 4 Start position: 84 SEMICOLON ; null
Line Number: 4 Start position: 86 NUMBER 20 20.0
Line Number: 4 Start position: 88 SEMICOLON ; null
Line Number: 4 Start position: 90 NUMBER 21 21.0
Line Number: 4 Start position: 92 SEMICOLON ; null
Line Number: 4 Start position: 94 NUMBER 22 22.0
Line Number: 4 Start position: 96 SEMICOLON ; null
Line Number: 4 Start position: 98 NUMBER 23 23.0
Line Number: 4 Start position: 100 SEMICOLON ; null
Line Number: 5 Start position: 104 NUMBER 24 24.0
Line Number: 5 Start position: 106 SEMICOLON ; null
Line Number: 5 Start position: 108 NUMBER 25 25.0
Line Number: 5 Start position: 110 SEMICOLON ; null
Line Number: 5 Start position: 112 NUMBER 26 26.0
Line Number: 5 Start position: 114 SEMICOLON ; null
Line Number: 5 Start position: 116 NUMBER 27 27.0
Line Number: 5 Start position: 118 SEMICOLON ; null
Line Number: 5 Start position: 120 NUMBER 28 28.0
Line Number: 5 Start position: 122 SEMICOLON ; null
Line Number: 5 Start position: 124 NUMBER 29 29.0
Line Number: 5 Start position: 126 SEMICOLON ; null
Line Number: 5 Start position: 128 NUMBER 30 30.0
Line Number: 5 Start position: 130 SEMICOLON ; null
Line Number: 5 Start position: 132 NUMBER 31 31.0
Line Number: 5 Start position: 134 SEMICOLON ; null
Line Number: 6 Start position: 138 NUMBER 32 32.0
Line Number: 6 Start position: 140 SEMICOLON ; null
Line Number: 6 Start position: 142 NUMBER 33 33.0
Line Number: 6 Start position: 144 SEMICOLON ; null
Line Number: 6 Start position: 146 NUMBER 34 34.0
Line Number: 6 Start position: 148 SEMICOLON ; null
Line Number: 6 Start position: 150 NUMBER 35 35.0
Line Number: 6 Start position: 152 SEMICOLON ; null
Line Number: 6 Start position: 154 NUMBER 36 36.0
Line Number: 6 Start position: 156 SEMICOLON ; null
Line Number: 6 Start position: 158 NUMBER 37 37.0
Line Number: 6 Start position: 160 SEMICOLON ; null
Line Number: 6 Start position: 162 NUMBER 38 38.0
Line Number: 6 Start position: 164 SEMICOLON ; null
Line Number: 6 Start position: 166 NUMBER 39 39.0
Line Number: 6 Start position: 168 SEMICOLON ; null
Line Number: 7 Start position: 172 NUMBER 40 40.0
Line Number: 7 Start position: 174 SEMICOLON ; null
Line Number: 7 Start position: 176 NUMBER 41 41.0
Line Number: 7 Start position: 178 SEMICOLON ; null
Line Number: 7 Start position: 180 NUMBER 42 42.0
Line Number: 7 Start position: 182 SEMICOLON ; null
Line Number: 7 Start position: 184 NUMBER 43 43.0
Line Number: 7 Start position: 186 SEMICOLON ; null
Line Number: 7 Start position: 188 NUMBER 44 44.0
Line Number: 7 Start position: 190 SEMICOLON ; null
Line Number: 7 Start position: 192 NUMBER 45 45.0
Line Number: 7 Start position: 194 SEMICOLON ; null
Line Number: 7 Start position: 196 NUMBER 46 46.0
Line Number: 7 Start position: 198 SEMICOLON ; null
Line Number: 7 Start position: 200 NUMBER 47 47.0
Line Number: 7 Start position: 202 SEMICOLON ; null
Line Number: 8 Start position: 206 NUMBER 48 48.0
Line Number: 8 Start position: 208 SEMICOLON ; null
Line Number: 8 Start position: 210 NUMBER 49 49.0
Line Number: 8 Start position: 212 SEMICOLON ; null
Line Number: 8 Start position: 214 NUMBER 50 50.0
Line Number: 8 Start position: 216 SEMICOLON ; null
Line Number: 8 Start position: 218 NUMBER 51 51.0
Line Number: 8 Start position: 220 SEMICOLON ; null
Line Number: 8 Start position: 222 NUMBER 52 52.0
Line Number: 8 Start position: 224 SEMICOLON ; null
Line Number: 8 Start position: 226 NUMBER 53 53.0
Line Number: 8 Start position: 228 SEMICOLON ; null
Line Number: 8 Start position: 230 NUMBER 54 54.0
Line Number: 8 Start position: 232 SEMICOLON ; null
Line Number: 8 Start position: 234 NUMBER 55 55.0
Line Number: 8 Start position: 236 SEMICOLON ; null
Line Number: 9 Start position: 240 NUMBER 56 56.0
Line Number: 9 Start position: 242 SEMICOLON ; null
Line Number: 9 Start position: 244 NUMBER 57 57.0
Line Number: 9 Start position: 246 SEMICOLON ; null
Line Number: 9 Start position: 248 NUMBER 58 58.0
Line Number: 9 Start position: 250 SEMICOLON ; null
Line Number: 9 Start position: 252 NUMBER 59 59.0
Line Number: 9 Start position: 254 SEMICOLON ; null
Line Number: 9 Start position: 256 NUMBER 60 60.0
Line Number: 9 Start position: 258 SEMICOLON ; null
Line Number: 9 Start position: 260 NUMBER 61 61.0
Line Number: 9 Start position: 262 SEMICOLON ; null
Line Number: 9 Start position: 264 NUMBER 62 62.0
Line Number: 9 Start position: 266 SEMICOLON ; null
Line Number: 9 Start position: 268 NUMBER 63 63.0
Line Number: 9 Start position: 270 SEMICOLON ; null
Line Number: 10 Start position: 274 NUMBER 64 64.0
Line Number: 10 Start position: 276 SEMICOLON ; null
Line Number: 10 Start position: 278 NUMBER 65 65.0
Line Number: 10 Start position: 280 SEMICOLON ; null
Line Number: 10 Start position: 282 NUMBER 66 66.0
Line Number: 10 Start position: 284 SEMICOLON ; null
Line Number: 10 Start position: 286 NUMBER 67 67.0
Line Number: 10 Start position: 288 SEMICOLON ; null
Line Number: 10 Start position: 290 NUMBER 68 68.0
Line Number: 10 Start position: 292 SEMICOLON ; null
Line Number: 10 Start position: 294 NUMBER 69 69.0
Line Number: 10 Start position: 296 SEMICOLON ; null
Line Number: 10 Start position: 298 NUMBER 70 70.0
Line Number: 10 Start position: 300 SEMICOLON ; null
Line Number: 10 Start position: 302 NUMBER 71 71.0
Line Number: 10 Start position: 304 SEMICOLON ; null
Line Number: 11 Start position: 308 NUMBER 72 72.0
Line Number: 11 Start position: 310 SEMICOLON ; null
Line Number: 11 Start position: 312 NUMBER 73 73.0
Line Number: 11 Start position: 314 SEMICOLON ; null
Line Number: 11 Start position: 316 NUMBER 74 74.0
Line Number: 11 Start position: 318 SEMICOLON ; null
Line Number: 11 Start position: 320 NUMBER 75 75.0
Line Number: 11 Start position: 322 SEMICOLON ; null
Line Number: 11 Start position: 324 NUMBER 76 76.0
Line Number: 11 Start position: 326 SEMICOLON ; null
Line Number: 11 Start position: 328 NUMBER 77 77.0
Line Number: 11 Start position: 330 SEMICOLON ; null
Line Number: 11 Start position: 332 NUMBER 78 78.0
Line Number: 11 Start position: 334 SEMICOLON ; null
Line Number: 11 Start position: 336 NUMBER 79 79.0
Line Number: 11 Start position: 338 SEMICOLON ; null
Line Number: 12 Start position: 342 NUMBER 80 80.0
Line Number: 12 Start position: 344 SEMICOLON ; null
Line Number: 12 Start position: 346 NUMBER 81 81.0
Line Number: 12 Start position: 348 SEMICOLON ; null
Line Number: 12 Start position: 350 NUMBER 82 82.0
Line Number: 12 Start position: 352 SEMICOLON ; null
Line Number: 12 Start position: 354 NUMBER 83 83.0
Line Number: 12 Start position: 356 SEMICOLON ; null
Line Number: 12 Start position: 358 NUMBER 84 84.0
Line Number: 12 Start position: 360 SEMICOLON ; null
Line Number: 12 Start position: 362 NUMBER 85 85.0
Line Number: 12 Start position: 364 SEMICOLON ; null
Line Number: 12 Start position: 366 NUMBER 86 86.0
Line Number: 12 Start position: 368 SEMICOLON ; null
Line Number: 12 Start position: 370 NUMBER 87 87.0
Line Number: 12 Start position: 372 SEMICOLON ; null
Line Number: 13 Start position: 376 NUMBER 88 88.0
Line Number: 13 Start position: 378 SEMICOLON ; null
Line Number: 13 Start position: 380 NUMBER 89 89.0
Line Number: 13 Start position: 382 SEMICOLON ; null
Line Number: 13 Start position: 384 NUMBER 90 90.0
Line Number: 13 Start position: 386 SEMICOLON ; null
Line Number: 13 Start position: 388 NUMBER 91 91.0
Line Number: 13 Start position: 390 SEMICOLON ; null
Line Number: 13 Start position: 392 NUMBER 92 92.0
Line Number: 13 Start position: 394 SEMICOLON ; null
Line Number: 13 Start position: 396 NUMBER 93 93.0
Line Number: 13 Start position: 398 SEMICOLON ; null
Line Number: 13 Start position: 400 NUMBER 94 94.0
Line Number: 13 Start position: 402 SEMICOLON ; null
Line Number: 13 Start position: 404 NUMBER 95 95.0
Line Number: 13 Start position: 406 SEMICOLON ; null
Line Number: 14 Start position: 410 NUMBER 96 96.0
Line Number: 14 Start position: 412 SEMICOLON ; null
Line Number: 14 Start position: 414 NUMBER 97 97.0
Line Number: 14 Start position: 416 SEMICOLON ; null
Line Number: 14 Start position: 418 NUMBER 98 98.0
Line Number: 14 Start position: 420 SEMICOLON ; null
Line Number: 14 Start position: 422 NUMBER 99 99.0
Line Number: 14 Start position: 424 SEMICOLON ; null
Line Number: 14 Start position: 426 NUMBER 100 100.0
Line Number: 14 Start position: 429 SEMICOLON ; null
Line Number: 14 Start position: 431 NUMBER 101 101.0
Line Number: 14 Start position: 434 SEMICOLON ; null
Line Number: 14 Start position: 436 NUMBER 102 102.0
Line Number: 14 Start position: 439 SEMICOLON ; null
Line Number: 14 Start position: 441 NUMBER 103 103.0
Line Number: 14 Start position: 444 SEMICOLON ; null
Line Number: 15 Start position: 448 NUMBER 104 104.0
Line Number: 15 Start position: 451 SEMICOLON ; null
Line Number: 15 Start position: 453 NUMBER 105 105.0
Line Number: 15 Start position: 456 SEMICOLON ; null
Line Number: 15 Start position: 458 NUMBER 106 106.0
Line Number: 15 Start position: 461 SEMICOLON ; null
Line Number: 15 Start position: 463 NUMBER 107 107.0
Line Number: 15 Start position: 466 SEMICOLON ; null
Line Number: 15 Start position: 468 NUMBER 108 108.0
Line Number: 15 Start position: 471 SEMICOLON ; null
Line Number: 15 Start position: 473 NUMBER 109 109.0
Line Number: 15 Start position: 476 SEMICOLON ; null
Line Number: 15 Start position: 478 NUMBER 110 110.0
Line Number: 15 Start position: 481 SEMICOLON ; null
Line Number: 15 Start position: 483 NUMBER 111 111.0
Line Number: 15 Start position: 486 SEMICOLON ; null
Line Number: 16 Start position: 490 NUMBER 112 112.0
Line Number: 16 Start position: 493 SEMICOLON ; null
Line Number: 16 Start position: 495 NUMBER 113 113.0
Line Number: 16 Start position: 498 SEMICOLON ; null
Line Number: 16 Start position: 500 NUMBER 114 114.0
Line Number: 16 Start position: 503 SEMICOLON ; null
Line Number: 16 Start position: 505 NUMBER 115 115.0
Line Number: 16 Start position: 508 SEMICOLON ; null
Line Number: 16 Start position: 510 NUMBER 116 116.0
Line Number: 16 Start position: 513 SEMICOLON ; null
Line Number: 16 Start position: 515 NUMBER 117 117.0
Line Number: 16 Start position: 518 SEMICOLON ; null
Line Number: 16 Start position: 520 NUMBER 118 118.0
Line Number: 16 Start position: 523 SEMICOLON ; null
Line Number: 16 Start position: 525 NUMBER 119 119.0
Line Number: 16 Start position: 528 SEMICOLON ; null
Line Number: 17 Start position: 532 NUMBER 120 120.0
Line Number: 17 Start position: 535 SEMICOLON ; null
Line Number: 17 Start position: 537 NUMBER 121 121.0
Line Number: 17 Start position: 540 SEMICOLON ; null
Line Number: 17 Start position: 542 NUMBER 122 122.0
Line Number: 17 Start position: 545 SEMICOLON ; null
Line Number: 17 Start position: 547 NUMBER 123 123.0
Line Number: 17 Start position: 550 SEMICOLON ; null
Line Number: 17 Start position: 552 NUMBER 124 124.0
Line Number: 17 Start position: 555 SEMICOLON ; null
Line Number: 17 Start position: 557 NUMBER 125 125.0
Line Number: 17 Start position: 560 SEMICOLON ; null
Line Number: 17 Start position: 562 NUMBER 126 126.0
Line Number: 17 Start position: 565 SEMICOLON ; null
Line Number: 17 Start position: 567 NUMBER 127 127.0
Line Number: 17 Start position: 570 SEMICOLON ; null
Line Number: 18 Start position: 574 NUMBER 128 128.0
Line Number: 18 Start position: 577 SEMICOLON ; null
Line Number: 18 Start position: 579 NUMBER 129 129.0
Line Number: 18 Start position: 582 SEMICOLON ; null
Line Number: 18 Start position: 584 NUMBER 130 130.0
Line Number: 18 Start position: 587 SEMICOLON ; null
Line Number: 18 Start position: 589 NUMBER 131 131.0
Line Number: 18 Start position: 592 SEMICOLON ; null
Line Number: 18 Start position: 594 NUMBER 132 132.0
Line Number: 18 Start position: 597 SEMICOLON ; null
Line Number: 18 Start position: 599 NUMBER 133 133.0
Line Number: 18 Start position: 602 SEMICOLON ; null
Line Number: 18 Start position: 604 NUMBER 134 134.0
Line Number: 18 Start position: 607 SEMICOLON ; null
Line Number: 18 Start position: 609 NUMBER 135 135.0
Line Number: 18 Start position: 612 SEMICOLON ; null
Line Number: 19 Start position: 616 NUMBER 136 136.0
Line Number: 19 Start position: 619 SEMICOLON ; null
Line Number: 19 Start position: 621 NUMBER 137 137.0
Line Number: 19 Start position: 624 SEMICOLON ; null
Line Number: 19 Start position: 626 NUMBER 138 138.0
Line Number: 19 Start position: 629 SEMICOLON ; null
Line Number: 19 Start position: 631 NUMBER 139 139.0
Line Number: 19 Start position: 634 SEMICOLON ; null
Line Number: 19 Start position: 636 NUMBER 140 140.0
Line Number: 19 Start position: 639 SEMICOLON ; null
Line Number: 19 Start position: 641 NUMBER 141 141.0
Line Number: 19 Start position: 644 SEMICOLON ; null
Line Number: 19 Start position: 646 NUMBER 142 142.0
Line Number: 19 Start position: 649 SEMICOLON ; null
Line Number: 19 Start position: 651 NUMBER 143 143.0
Line Number: 19 Start position: 654 SEMICOLON ; null
Line Number: 20 Start position: 658 NUMBER 144 144.0
Line Number: 20 Start position: 661 SEMICOLON ; null
Line Number: 20 Start position: 663 NUMBER 145 145.0
Line Number: 20 Start position: 666 SEMICOLON ; null
Line Number: 20 Start position: 668 NUMBER 146 146.0
Line Number: 20 Start position: 671 SEMICOLON ; null
Line Number: 20 Start position: 673 NUMBER 147 147.0
Line Number: 20 Start position: 676 SEMICOLON ; null
Line Number: 20 Start position: 678 NUMBER 148 148.0
Line Number: 20 Start position: 681 SEMICOLON ; null
Line Number: 20 Start position: 683 NUMBER 149 149.0
Line Number: 20 Start position: 686 SEMICOLON ; null
Line Number: 20 Start position: 688 NUMBER 150 150.0
Line Number: 20 Start position: 691 SEMICOLON ; null
Line Number: 20 Start position: 693 NUMBER 151 151.0
Line Number: 20 Start position: 696 SEMICOLON ; null
Line Number: 21 Start position: 700 NUMBER 152 152.0
Line Number: 21 Start position: 703 SEMICOLON ; null
Line Number: 21 Start position: 705 NUMBER 153 153.0
Line Number: 21 Start position: 708 SEMICOLON ; null
Line Number: 21 Start position: 710 NUMBER 154 154.0
Line Number: 21 Start position: 713 SEMICOLON ; null
Line Number: 21 Start position: 715 NUMBER 155 155.0
Line Number: 21 Start position: 718 SEMICOLON ; null
Line Number: 21 Start position: 720 NUMBER 156 156.0
Line Number: 21 Start position: 723 SEMICOLON ; null
Line Number: 21 Start position: 725 NUMBER 157 157.0
Line Number: 21 Start position: 728 SEMICOLON ; null
Line Number: 21 Start position: 730 NUMBER 158 158.0
Line Number: 21 Start position: 733 SEMICOLON ; null
Line Number: 21 Start position: 735 NUMBER 159 159.0
Line Number: 21 Start position: 738 SEMICOLON ; null
Line Number: 22 Start position: 742 NUMBER 160 160.0
Line Number: 22 Start position: 745 SEMICOLON ; null
Line Number: 22 Start position: 747 NUMBER 161 161.0
Line Number: 22 Start position: 750 SEMICOLON ; null
Line Number: 22 Start position: 752 NUMBER 162 162.0
Line Number: 22 Start position: 755 SEMICOLON ; null
Line Number: 22 Start position: 757 NUMBER 163 163.0
Line Number: 22 Start position: 760 SEMICOLON ; null
Line Number: 22 Start position: 762 NUMBER 164 164.0
Line Number: 22 Start position: 765 SEMICOLON ; null
Line Number: 22 Start position: 767 NUMBER 165 165.0
Line Number: 22 Start position: 770 SEMICOLON ; null
Line Number: 22 Start position: 772 NUMBER 166 166.0
Line Number: 22 Start position: 775 SEMICOLON ; null
Line Number: 22 Start position: 777 NUMBER 167 167.0
Line Number: 22 Start position: 780 SEMICOLON ; null
Line Number: 23 Start position: 784 NUMBER 168 168.0
Line Number: 23 Start position: 787 SEMICOLON ; null
Line Number: 23 Start position: 789 NUMBER 169 169.0
Line Number: 23 Start position: 792 SEMICOLON ; null
Line Number: 23 Start position: 794 NUMBER 170 170.0
Line Number: 23 Start position: 797 SEMICOLON ; null
Line Number: 23 Start position: 799 NUMBER 171 171.0
Line Number: 23 Start position: 802 SEMICOLON ; null
Line Number: 23 Start position: 804 NUMBER 172 172.0
Line Number: 23 Start position: 807 SEMICOLON ; null
Line Number: 23 Start position: 809 NUMBER 173 173.0
Line Number: 23 Start position: 812 SEMICOLON ; null
Line Number: 23 Start position: 814 NUMBER 174 174.0
Line Number: 23 Start position: 817 SEMICOLON ; null
Line Number: 23 Start position: 819 NUMBER 175 175.0
Line Number: 23 Start position: 822 SEMICOLON ; null
Line Number: 24 Start position: 826 NUMBER 176 176.0
Line Number: 24 Start position: 829 SEMICOLON ; null
Line Number: 24 Start position: 831 NUMBER 177 177.0
Line Number: 24 Start position: 834 SEMICOLON ; null
Line Number: 24 Start position: 836 NUMBER 178 178.0
Line Number: 24 Start position: 839 SEMICOLON ; null
Line Number: 24 Start position: 841 NUMBER 179 179.0
Line Number: 24 Start position: 844 SEMICOLON ; null
Line Number: 24 Start position: 846 NUMBER 180 180.0
Line Number: 24 Start position: 849 SEMICOLON ; null
Line Number: 24 Start position: 851 NUMBER 181 181.0
Line Number: 24 Start position: 854 SEMICOLON ; null
Line Number: 24 Start position: 856 NUMBER 182 182.0
Line Number: 24 Start position: 859 SEMICOLON ; null
Line Number: 24 Start position: 861 NUMBER 183 183.0
Line Number: 24 Start position: 864 SEMICOLON ; null
Line Number: 25 Start position: 868 NUMBER 184 184.0
Line Number: 25 Start position: 871 SEMICOLON ; null
Line Number: 25 Start position: 873 NUMBER 185 185.0
Line Number: 25 Start position: 876 SEMICOLON ; null
Line Number: 25 Start position: 878 NUMBER 186 186.0
Line Number: 25 Start position: 881 SEMICOLON ; null
Line Number: 25 Start position: 883 NUMBER 187 187.0
Line Number: 25 Start position: 886 SEMICOLON ; null
Line Number: 25 Start position: 888 NUMBER 188 188.0
Line Number: 25 Start position: 891 SEMICOLON ; null
Line Number: 25 Start position: 893 NUMBER 189 189.0
Line Number: 25 Start position: 896 SEMICOLON ; null
Line Number: 25 Start position: 898 NUMBER 190 190.0
Line Number: 25 Start position: 901 SEMICOLON ; null
Line Number: 25 Start position: 903 NUMBER 191 191.0
Line Number: 25 Start position: 906 SEMICOLON ; null
Line Number: 26 Start position: 910 NUMBER 192 192.0
Line Number: 26 Start position: 913 SEMICOLON ; null
Line Number: 26 Start position: 915 NUMBER 193 193.0
Line Number: 26 Start position: 918 SEMICOLON ; null
Line Number: 26 Start position: 920 NUMBER 194 194.0
Line Number: 26 Start position: 923 SEMICOLON ; null
Line Number: 26 Start position: 925 NUMBER 195 195.0
Line Number: 26 Start position: 928 SEMICOLON ; null
Line Number: 26 Start position: 930 NUMBER 196 196.0
Line Number: 26 Start position: 933 SEMICOLON ; null
Line Number: 26 Start position: 935 NUMBER 197 197.0
Line Number: 26 Start position: 938 SEMICOLON ; null
Line Number: 26 Start position: 940 NUMBER 198 198.0
Line Number: 26 Start position: 943 SEMICOLON ; null
Line Number: 26 Start position: 945 NUMBER 199 199.0
Line Number: 26 Start position: 948 SEMICOLON ; null
Line Number: 27 Start position: 952 NUMBER 200 200.0
Line Number: 27 Start position: 955 SEMICOLON ; null
Line Number: 27 Start position: 957 NUMBER 201 201.0
Line Number: 27 Start position: 960 SEMICOLON ; null
Line Number: 27 Start position: 962 NUMBER 202 202.0
Line Number: 27 Start position: 965 SEMICOLON ; null
Line Number: 27 Start position: 967 NUMBER 203 203.0
Line Number: 27 Start position: 970 SEMICOLON ; null
Line Number: 27 Start position: 972 NUMBER 204 204.0
Line Number: 27 Start position: 975 SEMICOLON ; null
Line Number: 27 Start position: 977 NUMBER 205 205.0
Line Number: 27 Start position: 980 SEMICOLON ; null
Line Number: 27 Start position: 982 NUMBER 206 206.0
Line Number: 27 Start position: 985 SEMICOLON ; null
Line Number: 27 Start position: 987 NUMBER 207 207.0
Line Number: 27 Start position: 990 SEMICOLON ; null
Line Number: 28 Start position: 994 NUMBER 208 208.0
Line Number: 28 Start position: 997 SEMICOLON ; null
Line Number: 28 Start position: 999 NUMBER 209 209.0
Line Number: 28 Start position: 1002 SEMICOLON ; null
Line Number: 28 Start position: 1004 NUMBER 210 210.0
Line Number: 28 Start position: 1007 SEMICOLON ; null
Line Number: 28 Start position: 1009 NUMBER 211 211.0
Line Number: 28 Start position: 1012 SEMICOLON ; null
Line Number: 28 Start position: 1014 NUMBER 212 212.0
Line Number: 28 Start position: 1017 SEMICOLON ; null
Line Number: 28 Start position: 1019 NUMBER 213 213.0
Line Number: 28 Start position: 1022 SEMICOLON ; null
Line Number: 28 Start position: 1024 NUMBER 214 214.0
Line Number: 28 Start position: 1027 SEMICOLON ; null
Line Number: 28 Start position: 1029 NUMBER 215 215.0
Line Number: 28 Start position: 1032 SEMICOLON ; null
Line Number: 29 Start position: 1036 NUMBER 216 216.0
Line Number: 29 Start position: 1039 SEMICOLON ; null
Line Number: 29 Start position: 1041 NUMBER 217 217.0
Line Number: 29 Start position: 1044 SEMICOLON ; null
Line Number: 29 Start position: 1046 NUMBER 218 218.0
Line Number: 29 Start position: 1049 SEMICOLON ; null
Line Number: 29 Start position: 1051 NUMBER 219 219.0
Line Number: 29 Start position: 1054 SEMICOLON ; null
Line Number: 29 Start position: 1056 NUMBER 220 220.0
Line Number: 29 Start position: 1059 SEMICOLON ; null
Line Number: 29 Start position: 1061 NUMBER 221 221.0
Line Number: 29 Start position: 1064 SEMICOLON ; null
Line Number: 29 Start position: 1066 NUMBER 222 222.0
Line Number: 29 Start position: 1069 SEMICOLON ; null
Line Number: 29 Start position: 1071 NUMBER 223 223.0
Line Number: 29 Start position: 1074 SEMICOLON ; null
Line Number: 30 Start position: 1078 NUMBER 224 224.0
Line Number: 30 Start position: 1081 SEMICOLON ; null
Line Number: 30 Start position: 1083 NUMBER 225 225.0
Line Number: 30 Start position: 1086 SEMICOLON ; null
Line Number: 30 Start position: 1088 NUMBER 226 226.0
Line Number: 30 Start position: 1091 SEMICOLON ; null
Line Number: 30 Start position: 1093 NUMBER 227 227.0
Line Number: 30 Start position: 1096 SEMICOLON ; null
Line Number: 30 Start position: 1098 NUMBER 228 228.0
Line Number: 30 Start position: 1101 SEMICOLON ; null
Line Number: 30 Start position: 1103 NUMBER 229 229.0
Line Number: 30 Start position: 1106 SEMICOLON ; null
Line Number: 30 Start position: 1108 NUMBER 230 230.0
Line Number: 30 Start position: 1111 SEMICOLON ; null
Line Number: 30 Start position: 1113 NUMBER 231 231.0
Line Number: 30 Start position: 1116 SEMICOLON ; null
Line Number: 31 Start position: 1120 NUMBER 232 232.0
Line Number: 31 Start position: 1123 SEMICOLON ; null
Line Number: 31 Start position: 1125 NUMBER 233 233.0
Line Number: 31 Start position: 1128 SEMICOLON ; null
Line Number: 31 Start position: 1130 NUMBER 234 234.0
Line Number: 31 Start position: 1133 SEMICOLON ; null
Line Number: 31 Start position: 1135 NUMBER 235 235.0
Line Number: 31 Start position: 1138 SEMICOLON ; null
Line Number: 31 Start position: 1140 NUMBER 236 236.0
Line Number: 31 Start position: 1143 SEMICOLON ; null
Line Number: 31 Start position: 1145 NUMBER 237 237.0
Line Number: 31 Start position: 1148 SEMICOLON ; null
Line Number: 31 Start position: 1150 NUMBER 238 238.0
Line Number: 31 Start position: 1153 SEMICOLON ; null
Line Number: 31 Start position: 1155 NUMBER 239 239.0
Line Number: 31 Start position: 1158 SEMICOLON ; null
Line Number: 32 Start position: 1162 NUMBER 240 240.0
Line Number: 32 Start position: 1165 SEMICOLON ; null
Line Number: 32 Start position: 1167 NUMBER 241 241.0
Line Number: 32 Start position: 1170 SEMICOLON ; null
Line Number: 32 Start position: 1172 NUMBER 242 242.0
Line Number: 32 Start position: 1175 SEMICOLON ; null
Line Number: 32 Start position: 1177 NUMBER 243 243.0
Line Number: 32 Start position: 1180 SEMICOLON ; null
Line Number: 32 Start position: 1182 NUMBER 244 244.0
Line Number: 32 Start position: 1185 SEMICOLON ; null
Line Number: 32 Start position: 1187 NUMBER 245 245.0
Line Number: 32 Start position: 1190 SEMICOLON ; null
Line Number: 32 Start position: 1192 NUMBER 246 246.0
Line Number: 32 Start position: 1195 SEMICOLON ; null
Line Number: 32 Start position: 1197 NUMBER 247 247.0
Line Number: 32 Start position: 1200 SEMICOLON ; null
Line Number: 33 Start position: 1204 NUMBER 248 248.0
Line Number: 33 Start position: 1207 SEMICOLON ; null
Line Number: 33 Start position: 1209 NUMBER 249 249.0
Line Number: 33 Start position: 1212 SEMICOLON ; null
Line Number: 33 Start position: 1214 NUMBER 250 250.0
Line Number: 33 Start position: 1217 SEMICOLON ; null
Line Number: 33 Start position: 1219 NUMBER 251 251.0
Line Number: 33 Start position: 1222 SEMICOLON ; null
Line Number: 33 Start position: 1224 NUMBER 252 252.0
Line Number: 33 Start position: 1227 SEMICOLON ; null
Line Number: 33 Start position: 1229 NUMBER 253 253.0
Line Number: 33 Start position: 1232 SEMICOLON ; null
Line Number: 33 Start position: 1234 NUMBER 254 254.0
Line Number: 33 Start position: 1237 SEMICOLON ; null
Line Number: 33 Start position: 1239 NUMBER 255 255.0
Line Number: 33 Start position: 1242 SEMICOLON ; null
Line Number: 35 Start position: 1247 STRING "oops" oops
Line Number: 35 Start position: 1253 SEMICOLON ; null
Line Number: 36 Start position: 1310 RIGHT_BRACE } null
Line Number: 37 Start position: 1311 EOF  null
