Line Number: 1 Start position: 0 CLASS class null
Line Number: 1 Start position: 6 IDENTIFIER Foo null
Line Number: 1 Start position: 10 LEFT_BRACE { null
Line Number: 2 Start position: 14 IDENTIFIER init null
Line Number: 2 Start position: 18 LEFT_PAREN ( null
Line Number: 2 Start position: 19 IDENTIFIER a null
Line Number: 2 Start position: 20 COMMA , null
Line Number: 2 Start position: 22 IDENTIFIER b null
Line Number: 2 Start position: 23 RIGHT_PAREN ) null
Line Number: 2 Start position: 25 LEFT_BRACE { null
Line Number: 3 Start position: 31 THIS this null
Line Number: 3 Start position: 35 DOT . null
Line Number: 3 Start position: 36 IDENTIFIER a null
Line Number: 3 Start position: 38 EQUAL = null
Line Number: 3 Start position: 40 IDENTIFIER a null
Line Number: 3 Start position: 41 SEMICOLON ; null
Line Number: 4 Start position: 47 THIS this null
Line Number: 4 Start position: 51 DOT . null
Line Number: 4 Start position: 52 IDENTIFIER b null
Line Number: 4 Start position: 54 EQUAL = null
Line Number: 4 Start position: 56 IDENTIFIER b null
Line Number: 4 Start position: 57 SEMICOLON ; null
Line Number: 5 Start position: 61 RIGHT_BRACE } null
Line Number: 6 Start position: 63 RIGHT_BRACE } null
Line Number: 8 Start position: 66 VAR var null
Line Number: 8 Start position: 70 IDENTIFIER foo null
Line Number: 8 Start position: 74 EQUAL = null
Line Number: 8 Start position: 76 IDENTIFIER Foo null
Line Number: 8 Start position: 79 LEFT_PAREN ( null
Line Number: 8 Start position: 80 NUMBER 1 1.0
Line Number: 8 Start position: 81 COMMA , null
Line Number: 8 Start position: 83 NUMBER 2 2.0
Line Number: 8 Start position: 84 COMMA , null
Line Number: 8 Start position: 86 NUMBER 3 3.0
Line Number: 8 Start position: 87 COMMA , null
Line Number: 8 Start position: 89 NUMBER 4 4.0
Line Number: 8 Start position: 90 RIGHT_PAREN ) null
Line Number: 8 Start position: 91 SEMICOLON ; null
Line Number: 8 Start position: 93 EOF  null
