Line Number: 1 Start position: 0 CLASS class null
Line Number: 1 Start position: 6 IDENTIFIER Foo null
Line Number: 1 Start position: 10 LEFT_BRACE { null
Line Number: 1 Start position: 11 RIGHT_BRACE } null
Line Number: 4 Start position: 64 CLASS class null
Line Number: 4 Start position: 70 IDENTIFIER Bar null
Line Number: 4 Start position: 74 LESS < null
Line Number: 4 Start position: 76 LEFT_PAREN ( null
Line Number: 4 Start position: 77 IDENTIFIER Foo null
Line Number: 4 Start position: 80 RIGHT_PAREN ) null
Line Number: 4 Start position: 82 LEFT_BRACE { null
Line Number: 4 Start position: 83 RIGHT_BRACE } null
Line Number: 5 Start position: 84 EOF  null
