Line Number: 1 Start position: 0 CLASS class null
Line Number: 1 Start position: 6 IDENTIFIER Foo null
Line Number: 1 Start position: 10 LEFT_BRACE { null
Line Number: 2 Start position: 14 IDENTIFIER foo null
Line Number: 2 Start position: 17 LEFT_PAREN ( null
Line Number: 2 Start position: 18 IDENTIFIER a null
Line Number: 2 Start position: 19 COMMA , null
Line Number: 2 Start position: 21 IDENTIFIER b null
Line Number: 2 Start position: 22 RIGHT_PAREN ) null
Line Number: 2 Start position: 24 LEFT_BRACE { null
Line Number: 3 Start position: 30 THIS this null
Line Number: 3 Start position: 34 DOT . null
Line Number: 3 Start position: 35 IDENTIFIER field1 null
Line Number: 3 Start position: 42 EQUAL = null
Line Number: 3 Start position: 44 IDENTIFIER a null
Line Number: 3 Start position: 45 SEMICOLON ; null
Line Number: 4 Start position: 51 THIS this null
Line Number: 4 Start position: 55 DOT . null
Line Number: 4 Start position: 56 IDENTIFIER field2 null
Line Number: 4 Start position: 63 EQUAL = null
Line Number: 4 Start position: 65 IDENTIFIER b null
Line Number: 4 Start position: 66 SEMICOLON ; null
Line Number: 5 Start position: 70 RIGHT_BRACE } null
Line Number: 7 Start position: 75 IDENTIFIER fooPrint null
Line Number: 7 Start position: 83 LEFT_PAREN ( null
Line Number: 7 Start position: 84 RIGHT_PAREN ) null
Line Number: 7 Start position: 86 LEFT_BRACE { null
Line Number: 8 Start position: 92 PRINT print null
Line Number: 8 Start position: 98 THIS this null
Line Number: 8 Start position: 102 DOT . null
Line Number: 8 Start position: 103 IDENTIFIER field1 null
Line Number: 8 Start position: 109 SEMICOLON ; null
Line Number: 9 Start position: 115 PRINT print null
Line Number: 9 Start position: 121 THIS this null
Line Number: 9 Start position: 125 DOT . null
Line Number: 9 Start position: 126 IDENTIFIER field2 null
Line Number: 9 Start position: 132 SEMICOLON ; null
Line Number: 10 Start position: 136 RIGHT_BRACE } null
Line Number: 11 Start position: 138 RIGHT_BRACE } null
Line Number: 13 Start position: 141 CLASS class null
Line Number: 13 Start position: 147 IDENTIFIER Bar null
Line Number: 13 Start position: 151 LESS < null
Line Number: 13 Start position: 153 IDENTIFIER Foo null
Line Number: 13 Start position: 157 LEFT_BRACE { null
Line Number: 14 Start position: 161 IDENTIFIER bar null
Line Number: 14 Start position: 164 LEFT_PAREN ( null
Line Number: 14 Start position: 165 IDENTIFIER a null
Line Number: 14 Start position: 166 COMMA , null
Line Number: 14 Start position: 168 IDENTIFIER b null
Line Number: 14 Start position: 169 RIGHT_PAREN ) null
Line Number: 14 Start position: 171 LEFT_BRACE { null
Line Number: 15 Start position: 177 THIS this null
Line Number: 15 Start position: 181 DOT . null
Line Number: 15 Start position: 182 IDENTIFIER field1 null
Line Number: 15 Start position: 189 EQUAL = null
Line Number: 15 Start position: 191 IDENTIFIER a null
Line Number: 15 Start position: 192 SEMICOLON ; null
Line Number: 16 Start position: 198 THIS this null
Line Number: 16 Start position: 202 DOT . null
Line Number: 16 Start position: 203 IDENTIFIER field2 null
Line Number: 16 Start position: 210 EQUAL = null
Line Number: 16 Start position: 212 IDENTIFIER b null
Line Number: 16 Start position: 213 SEMICOLON ; null
Line Number: 17 Start position: 217 RIGHT_BRACE } null
Line Number: 19 Start position: 222 IDENTIFIER barPrint null
Line Number: 19 Start position: 230 LEFT_PAREN ( null
Line Number: 19 Start position: 231 RIGHT_PAREN ) null
Line Number: 19 Start position: 233 LEFT_BRACE { null
Line Number: 20 Start position: 239 PRINT print null
Line Number: 20 Start position: 245 THIS this null
Line Number: 20 Start position: 249 DOT . null
Line Number: 20 Start position: 250 IDENTIFIER field1 null
Line Number: 20 Start position: 256 SEMICOLON ; null
Line Number: 21 Start position: 262 PRINT print null
Line Number: 21 Start position: 268 THIS this null
Line Number: 21 Start position: 272 DOT . null
Line Number: 21 Start position: 273 IDENTIFIER field2 null
Line Number: 21 Start position: 279 SEMICOLON ; null
Line Number: 22 Start position: 283 RIGHT_BRACE } null
Line Number: 23 Start position: 285 RIGHT_BRACE } null
Line Number: 25 Start position: 288 VAR var null
Line Number: 25 Start position: 292 IDENTIFIER bar null
Line Number: 25 Start position: 296 EQUAL = null
Line Number: 25 Start position: 298 IDENTIFIER Bar null
Line Number: 25 Start position: 301 LEFT_PAREN ( null
Line Number: 25 Start position: 302 RIGHT_PAREN ) null
Line Number: 25 Start position: 303 SEMICOLON ; null
Line Number: 26 Start position: 305 IDENTIFIER bar null
Line Number: 26 Start position: 308 DOT . null
Line Number: 26 Start position: 309 IDENTIFIER foo null
Line Number: 26 Start position: 312 LEFT_PAREN ( null
Line Number: 26 Start position: 313 STRING "foo 1" foo 1
Line Number: 26 Start position: 320 COMMA , null
Line Number: 26 Start position: 322 STRING "foo 2" foo 2
Line Number: 26 Start position: 329 RIGHT_PAREN ) null
Line Number: 26 Start position: 330 SEMICOLON ; null
Line Number: 27 Start position: 332 IDENTIFIER bar null
Line Number: 27 Start position: 335 DOT . null
Line Number: 27 Start position: 336 IDENTIFIER fooPrint null
Line Number: 27 Start position: 344 LEFT_PAREN ( null
Line Number: 27 Start position: 345 RIGHT_PAREN ) null
Line Number: 27 Start position: 346 SEMICOLON ; null
Line Number: 31 Start position: 383 IDENTIFIER bar null
Line Number: 31 Start position: 386 DOT . null
Line Number: 31 Start position: 387 IDENTIFIER bar null
Line Number: 31 Start position: 390 LEFT_PAREN ( null
Line Number: 31 Start position: 391 STRING "bar 1" bar 1
Line Number: 31 Start position: 398 COMMA , null
Line Number: 31 Start position: 400 STRING "bar 2" bar 2
Line Number: 31 Start position: 407 RIGHT_PAREN ) null
Line Number: 31 Start position: 408 SEMICOLON ; null
Line Number: 32 Start position: 410 IDENTIFIER bar null
Line Number: 32 Start position: 413 DOT . null
Line Number: 32 Start position: 414 IDENTIFIER barPrint null
Line Number: 32 Start position: 422 LEFT_PAREN ( null
Line Number: 32 Start position: 423 RIGHT_PAREN ) null
Line Number: 32 Start position: 424 SEMICOLON ; null
Line Number: 36 Start position: 461 IDENTIFIER bar null
Line Number: 36 Start position: 464 DOT . null
Line Number: 36 Start position: 465 IDENTIFIER fooPrint null
Line Number: 36 Start position: 473 LEFT_PAREN ( null
Line Number: 36 Start position: 474 RIGHT_PAREN ) null
Line Number: 36 Start position: 475 SEMICOLON ; null
Line Number: 39 Start position: 510 EOF  null
