Line Number: 1 Start position: 0 VAR var null
Line Number: 1 Start position: 4 IDENTIFIER f null
Line Number: 1 Start position: 5 SEMICOLON ; null
Line Number: 3 Start position: 8 LEFT_BRACE { null
Line Number: 4 Start position: 12 VAR var null
Line Number: 4 Start position: 16 IDENTIFIER local null
Line Number: 4 Start position: 22 EQUAL = null
Line Number: 4 Start position: 24 STRING "local" local
Line Number: 4 Start position: 31 SEMICOLON ; null
Line Number: 5 Start position: 35 FUN fun null
Line Number: 5 Start position: 39 IDENTIFIER f_ null
Line Number: 5 Start position: 41 LEFT_PAREN ( null
Line Number: 5 Start position: 42 RIGHT_PAREN ) null
Line Number: 5 Start position: 44 LEFT_BRACE { null
Line Number: 6 Start position: 50 PRINT print null
Line Number: 6 Start position: 56 IDENTIFIER local null
Line Number: 6 Start position: 61 SEMICOLON ; null
Line Number: 7 Start position: 65 RIGHT_BRACE } null
Line Number: 8 Start position: 69 IDENTIFIER f null
Line Number: 8 Start position: 71 EQUAL = null
Line Number: 8 Start position: 73 IDENTIFIER f_ null
Line Number: 8 Start position: 75 SEMICOLON ; null
Line Number: 9 Start position: 77 RIGHT_BRACE } null
Line Number: 11 Start position: 80 IDENTIFIER f null
Line Number: 11 Start position: 81 LEFT_PAREN ( null
Line Number: 11 Start position: 82 RIGHT_PAREN ) null
Line Number: 11 Start position: 83 SEMICOLON ; null
Line Number: 12 Start position: 101 EOF  null
