Line Number: 1 Start position: 0 LEFT_BRACE { null
Line Number: 2 Start position: 4 VAR var null
Line Number: 2 Start position: 8 IDENTIFIER foo null
Line Number: 2 Start position: 12 EQUAL = null
Line Number: 2 Start position: 14 STRING "closure" closure
Line Number: 2 Start position: 23 SEMICOLON ; null
Line Number: 3 Start position: 27 FUN fun null
Line Number: 3 Start position: 31 IDENTIFIER f null
Line Number: 3 Start position: 32 LEFT_PAREN ( null
Line Number: 3 Start position: 33 RIGHT_PAREN ) null
Line Number: 3 Start position: 35 LEFT_BRACE { null
Line Number: 4 Start position: 41 LEFT_BRACE { null
Line Number: 5 Start position: 49 PRINT print null
Line Number: 5 Start position: 55 IDENTIFIER foo null
Line Number: 5 Start position: 58 SEMICOLON ; null
Line Number: 6 Start position: 85 VAR var null
Line Number: 6 Start position: 89 IDENTIFIER foo null
Line Number: 6 Start position: 93 EQUAL = null
Line Number: 6 Start position: 95 STRING "shadow" shadow
Line Number: 6 Start position: 103 SEMICOLON ; null
Line Number: 7 Start position: 111 PRINT print null
Line Number: 7 Start position: 117 IDENTIFIER foo null
Line Number: 7 Start position: 120 SEMICOLON ; null
Line Number: 8 Start position: 144 RIGHT_BRACE } null
Line Number: 9 Start position: 150 PRINT print null
Line Number: 9 Start position: 156 IDENTIFIER foo null
Line Number: 9 Start position: 159 SEMICOLON ; null
Line Number: 10 Start position: 182 RIGHT_BRACE } null
Line Number: 11 Start position: 186 IDENTIFIER f null
Line Number: 11 Start position: 187 LEFT_PAREN ( null
Line Number: 11 Start position: 188 RIGHT_PAREN ) null
Line Number: 11 Start position: 189 SEMICOLON ; null
Line Number: 12 Start position: 191 RIGHT_BRACE } null
Line Number: 13 Start position: 192 EOF  null
