Line Number: 1 Start position: 0 TRUE true null
Line Number: 1 Start position: 4 DOT . null
Line Number: 1 Start position: 5 IDENTIFIER foo null
Line Number: 1 Start position: 9 EQUAL = null
Line Number: 1 Start position: 11 STRING "value" value
Line Number: 1 Start position: 18 SEMICOLON ; null
Line Number: 2 Start position: 72 EOF  null
