Line Number: 1 Start position: 0 FUN fun null
Line Number: 1 Start position: 4 IDENTIFIER caller null
Line Number: 1 Start position: 10 LEFT_PAREN ( null
Line Number: 1 Start position: 11 IDENTIFIER g null
Line Number: 1 Start position: 12 RIGHT_PAREN ) null
Line Number: 1 Start position: 14 LEFT_BRACE { null
Line Number: 2 Start position: 18 IDENTIFIER g null
Line Number: 2 Start position: 19 LEFT_PAREN ( null
Line Number: 2 Start position: 20 RIGHT_PAREN ) null
Line Number: 2 Start position: 21 SEMICOLON ; null
Line Number: 4 Start position: 63 PRINT print null
Line Number: 4 Start position: 69 IDENTIFIER g null
Line Number: 4 Start position: 71 EQUAL_EQUAL == null
Line Number: 4 Start position: 74 NIL nil null
Line Number: 4 Start position: 77 SEMICOLON ; null
Line Number: 5 Start position: 96 RIGHT_BRACE } null
Line Number: 7 Start position: 99 FUN fun null
Line Number: 7 Start position: 103 IDENTIFIER callCaller null
Line Number: 7 Start position: 113 LEFT_PAREN ( null
Line Number: 7 Start position: 114 RIGHT_PAREN ) null
Line Number: 7 Start position: 116 LEFT_BRACE { null
Line Number: 8 Start position: 120 VAR var null
Line Number: 8 Start position: 124 IDENTIFIER capturedVar null
Line Number: 8 Start position: 136 EQUAL = null
Line Number: 8 Start position: 138 STRING "before" before
Line Number: 8 Start position: 146 SEMICOLON ; null
Line Number: 9 Start position: 150 VAR var null
Line Number: 9 Start position: 154 IDENTIFIER a null
Line Number: 9 Start position: 156 EQUAL = null
Line Number: 9 Start position: 158 STRING "a" a
Line Number: 9 Start position: 161 SEMICOLON ; null
Line Number: 11 Start position: 166 FUN fun null
Line Number: 11 Start position: 170 IDENTIFIER f null
Line Number: 11 Start position: 171 LEFT_PAREN ( null
Line Number: 11 Start position: 172 RIGHT_PAREN ) null
Line Number: 11 Start position: 174 LEFT_BRACE { null
Line Number: 13 Start position: 234 IDENTIFIER capturedVar null
Line Number: 13 Start position: 246 EQUAL = null
Line Number: 13 Start position: 248 STRING "after" after
Line Number: 13 Start position: 255 SEMICOLON ; null
Line Number: 17 Start position: 329 RIGHT_BRACE } null
Line Number: 19 Start position: 334 IDENTIFIER caller null
Line Number: 19 Start position: 340 LEFT_PAREN ( null
Line Number: 19 Start position: 341 IDENTIFIER f null
Line Number: 19 Start position: 342 RIGHT_PAREN ) null
Line Number: 19 Start position: 343 SEMICOLON ; null
Line Number: 20 Start position: 345 RIGHT_BRACE } null
Line Number: 22 Start position: 348 IDENTIFIER callCaller null
Line Number: 22 Start position: 358 LEFT_PAREN ( null
Line Number: 22 Start position: 359 RIGHT_PAREN ) null
Line Number: 22 Start position: 360 SEMICOLON ; null
Line Number: 23 Start position: 361 EOF  null
