Line Number: 1 Start position: 0 CLASS class null
Line Number: 1 Start position: 6 IDENTIFIER Foo null
Line Number: 1 Start position: 10 LEFT_BRACE { null
Line Number: 1 Start position: 11 RIGHT_BRACE } null
Line Number: 3 Start position: 14 PRINT print null
Line Number: 3 Start position: 20 IDENTIFIER Foo null
Line Number: 3 Start position: 23 SEMICOLON ; null
Line Number: 4 Start position: 39 EOF  null
