Line Number: 2 Start position: 28 IF if null
Line Number: 2 Start position: 31 LEFT_PAREN ( null
Line Number: 2 Start position: 32 FALSE false null
Line Number: 2 Start position: 37 RIGHT_PAREN ) null
Line Number: 2 Start position: 39 PRINT print null
Line Number: 2 Start position: 45 STRING "bad" bad
Line Number: 2 Start position: 50 SEMICOLON ; null
Line Number: 2 Start position: 52 ELSE else null
Line Number: 2 Start position: 57 PRINT print null
Line Number: 2 Start position: 63 STRING "false" false
Line Number: 2 Start position: 70 SEMICOLON ; null
Line Number: 3 Start position: 89 IF if null
Line Number: 3 Start position: 92 LEFT_PAREN ( null
Line Number: 3 Start position: 93 NIL nil null
Line Number: 3 Start position: 96 RIGHT_PAREN ) null
Line Number: 3 Start position: 98 PRINT print null
Line Number: 3 Start position: 104 STRING "bad" bad
Line Number: 3 Start position: 109 SEMICOLON ; null
Line Number: 3 Start position: 111 ELSE else null
Line Number: 3 Start position: 116 PRINT print null
Line Number: 3 Start position: 122 STRING "nil" nil
Line Number: 3 Start position: 127 SEMICOLON ; null
Line Number: 6 Start position: 173 IF if null
Line Number: 6 Start position: 176 LEFT_PAREN ( null
Line Number: 6 Start position: 177 TRUE true null
Line Number: 6 Start position: 181 RIGHT_PAREN ) null
Line Number: 6 Start position: 183 PRINT print null
Line Number: 6 Start position: 189 TRUE true null
Line Number: 6 Start position: 193 SEMICOLON ; null
Line Number: 7 Start position: 211 IF if null
Line Number: 7 Start position: 214 LEFT_PAREN ( null
Line Number: 7 Start position: 215 NUMBER 0 0.0
Line Number: 7 Start position: 216 RIGHT_PAREN ) null
Line Number: 7 Start position: 218 PRINT print null
Line Number: 7 Start position: 224 NUMBER 0 0.0
Line Number: 7 Start position: 225 SEMICOLON ; null
Line Number: 8 Start position: 240 IF if null
Line Number: 8 Start position: 243 LEFT_PAREN ( null
Line Number: 8 Start position: 244 STRING "" 
Line Number: 8 Start position: 246 RIGHT_PAREN ) null
Line Number: 8 Start position: 248 PRINT print null
Line Number: 8 Start position: 254 STRING "empty" empty
Line Number: 8 Start position: 261 SEMICOLON ; null
Line Number: 9 Start position: 279 EOF  null
