Line Number: 1 Start position: 0 FUN fun null
Line Number: 1 Start position: 4 IDENTIFIER f null
Line Number: 1 Start position: 5 LEFT_PAREN ( null
Line Number: 1 Start position: 6 RIGHT_PAREN ) null
Line Number: 1 Start position: 8 LEFT_BRACE { null
Line Number: 2 Start position: 12 FOR for null
Line Number: 2 Start position: 16 LEFT_PAREN ( null
Line Number: 2 Start position: 17 SEMICOLON ; null
Line Number: 2 Start position: 18 SEMICOLON ; null
Line Number: 2 Start position: 19 RIGHT_PAREN ) null
Line Number: 2 Start position: 21 LEFT_BRACE { null
Line Number: 3 Start position: 27 VAR var null
Line Number: 3 Start position: 31 IDENTIFIER i null
Line Number: 3 Start position: 33 EQUAL = null
Line Number: 3 Start position: 35 STRING "i" i
Line Number: 3 Start position: 38 SEMICOLON ; null
Line Number: 4 Start position: 44 FUN fun null
Line Number: 4 Start position: 48 IDENTIFIER g null
Line Number: 4 Start position: 49 LEFT_PAREN ( null
Line Number: 4 Start position: 50 RIGHT_PAREN ) null
Line Number: 4 Start position: 52 LEFT_BRACE { null
Line Number: 4 Start position: 54 PRINT print null
Line Number: 4 Start position: 60 IDENTIFIER i null
Line Number: 4 Start position: 61 SEMICOLON ; null
Line Number: 4 Start position: 63 RIGHT_BRACE } null
Line Number: 5 Start position: 69 RETURN return null
Line Number: 5 Start position: 76 IDENTIFIER g null
Line Number: 5 Start position: 77 SEMICOLON ; null
Line Number: 6 Start position: 81 RIGHT_BRACE } null
Line Number: 7 Start position: 83 RIGHT_BRACE } null
Line Number: 9 Start position: 86 VAR var null
Line Number: 9 Start position: 90 IDENTIFIER h null
Line Number: 9 Start position: 92 EQUAL = null
Line Number: 9 Start position: 94 IDENTIFIER f null
Line Number: 9 Start position: 95 LEFT_PAREN ( null
Line Number: 9 Start position: 96 RIGHT_PAREN ) null
Line Number: 9 Start position: 97 SEMICOLON ; null
Line Number: 10 Start position: 99 IDENTIFIER h null
Line Number: 10 Start position: 100 LEFT_PAREN ( null
Line Number: 10 Start position: 101 RIGHT_PAREN ) null
Line Number: 10 Start position: 102 SEMICOLON ; null
Line Number: 11 Start position: 116 EOF  null
