Line Number: 1 Start position: 0 PRINT print null
Line Number: 1 Start position: 6 NUMBER 1 1.0
Line Number: 1 Start position: 8 LESS < null
Line Number: 1 Start position: 10 NUMBER 2 2.0
Line Number: 1 Start position: 11 SEMICOLON ; null
Line Number: 2 Start position: 32 PRINT print null
Line Number: 2 Start position: 38 NUMBER 2 2.0
Line Number: 2 Start position: 40 LESS < null
Line Number: 2 Start position: 42 NUMBER 2 2.0
Line Number: 2 Start position: 43 SEMICOLON ; null
Line Number: 3 Start position: 65 PRINT print null
Line Number: 3 Start position: 71 NUMBER 2 2.0
Line Number: 3 Start position: 73 LESS < null
Line Number: 3 Start position: 75 NUMBER 1 1.0
Line Number: 3 Start position: 76 SEMICOLON ; null
Line Number: 5 Start position: 99 PRINT print null
Line Number: 5 Start position: 105 NUMBER 1 1.0
Line Number: 5 Start position: 107 LESS_EQUAL <= null
Line Number: 5 Start position: 110 NUMBER 2 2.0
Line Number: 5 Start position: 111 SEMICOLON ; null
Line Number: 6 Start position: 132 PRINT print null
Line Number: 6 Start position: 138 NUMBER 2 2.0
Line Number: 6 Start position: 140 LESS_EQUAL <= null
Line Number: 6 Start position: 143 NUMBER 2 2.0
Line Number: 6 Start position: 144 SEMICOLON ; null
Line Number: 7 Start position: 165 PRINT print null
Line Number: 7 Start position: 171 NUMBER 2 2.0
Line Number: 7 Start position: 173 LESS_EQUAL <= null
Line Number: 7 Start position: 176 NUMBER 1 1.0
Line Number: 7 Start position: 177 SEMICOLON ; null
Line Number: 9 Start position: 200 PRINT print null
Line Number: 9 Start position: 206 NUMBER 1 1.0
Line Number: 9 Start position: 208 GREATER > null
Line Number: 9 Start position: 210 NUMBER 2 2.0
Line Number: 9 Start position: 211 SEMICOLON ; null
Line Number: 10 Start position: 233 PRINT print null
Line Number: 10 Start position: 239 NUMBER 2 2.0
Line Number: 10 Start position: 241 GREATER > null
Line Number: 10 Start position: 243 NUMBER 2 2.0
Line Number: 10 Start position: 244 SEMICOLON ; null
Line Number: 11 Start position: 266 PRINT print null
Line Number: 11 Start position: 272 NUMBER 2 2.0
Line Number: 11 Start position: 274 GREATER > null
Line Number: 11 Start position: 276 NUMBER 1 1.0
Line Number: 11 Start position: 277 SEMICOLON ; null
Line Number: 13 Start position: 299 PRINT print null
Line Number: 13 Start position: 305 NUMBER 1 1.0
Line Number: 13 Start position: 307 GREATER_EQUAL >= null
Line Number: 13 Start position: 310 NUMBER 2 2.0
Line Number: 13 Start position: 311 SEMICOLON ; null
Line Number: 14 Start position: 333 PRINT print null
Line Number: 14 Start position: 339 NUMBER 2 2.0
Line Number: 14 Start position: 341 GREATER_EQUAL >= null
Line Number: 14 Start position: 344 NUMBER 2 2.0
Line Number: 14 Start position: 345 SEMICOLON ; null
Line Number: 15 Start position: 366 PRINT print null
Line Number: 15 Start position: 372 NUMBER 2 2.0
Line Number: 15 Start position: 374 GREATER_EQUAL >= null
Line Number: 15 Start position: 377 NUMBER 1 1.0
Line Number: 15 Start position: 378 SEMICOLON ; null
Line Number: 18 Start position: 444 PRINT print null
Line Number: 18 Start position: 450 NUMBER 0 0.0
Line Number: 18 Start position: 452 LESS < null
Line Number: 18 Start position: 454 MINUS - null
Line Number: 18 Start position: 455 NUMBER 0 0.0
Line Number: 18 Start position: 456 SEMICOLON ; null
Line Number: 19 Start position: 475 PRINT print null
Line Number: 19 Start position: 481 MINUS - null
Line Number: 19 Start position: 482 NUMBER 0 0.0
Line Number: 19 Start position: 484 LESS < null
Line Number: 19 Start position: 486 NUMBER 0 0.0
Line Number: 19 Start position: 487 SEMICOLON ; null
Line Number: 20 Start position: 506 PRINT print null
Line Number: 20 Start position: 512 NUMBER 0 0.0
Line Number: 20 Start position: 514 GREATER > null
Line Number: 20 Start position: 516 MINUS - null
Line Number: 20 Start position: 517 NUMBER 0 0.0
Line Number: 20 Start position: 518 SEMICOLON ; null
Line Number: 21 Start position: 537 PRINT print null
Line Number: 21 Start position: 543 MINUS - null
Line Number: 21 Start position: 544 NUMBER 0 0.0
Line Number: 21 Start position: 546 GREATER > null
Line Number: 21 Start position: 548 NUMBER 0 0.0
Line Number: 21 Start position: 549 SEMICOLON ; null
Line Number: 22 Start position: 568 PRINT print null
Line Number: 22 Start position: 574 NUMBER 0 0.0
Line Number: 22 Start position: 576 LESS_EQUAL <= null
Line Number: 22 Start position: 579 MINUS - null
Line Number: 22 Start position: 580 NUMBER 0 0.0
Line Number: 22 Start position: 581 SEMICOLON ; null
Line Number: 23 Start position: 599 PRINT print null
Line Number: 23 Start position: 605 MINUS - null
Line Number: 23 Start position: 606 NUMBER 0 0.0
Line Number: 23 Start position: 608 LESS_EQUAL <= null
Line Number: 23 Start position: 611 NUMBER 0 0.0
Line Number: 23 Start position: 612 SEMICOLON ; null
Line Number: 24 Start position: 630 PRINT print null
Line Number: 24 Start position: 636 NUMBER 0 0.0
Line Number: 24 Start position: 638 GREATER_EQUAL >= null
Line Number: 24 Start position: 641 MINUS - null
Line Number: 24 Start position: 642 NUMBER 0 0.0
Line Number: 24 Start position: 643 SEMICOLON ; null
Line Number: 25 Start position: 661 PRINT print null
Line Number: 25 Start position: 667 MINUS - null
Line Number: 25 Start position: 668 NUMBER 0 0.0
Line Number: 25 Start position: 670 GREATER_EQUAL >= null
Line Number: 25 Start position: 673 NUMBER 0 0.0
Line Number: 25 Start position: 674 SEMICOLON ; null
Line Number: 26 Start position: 691 EOF  null
