Line Number: 1 Start position: 0 LEFT_BRACE { null
Line Number: 2 Start position: 4 FUN fun null
Line Number: 2 Start position: 8 IDENTIFIER isEven null
Line Number: 2 Start position: 14 LEFT_PAREN ( null
Line Number: 2 Start position: 15 IDENTIFIER n null
Line Number: 2 Start position: 16 RIGHT_PAREN ) null
Line Number: 2 Start position: 18 LEFT_BRACE { null
Line Number: 3 Start position: 24 IF if null
Line Number: 3 Start position: 27 LEFT_PAREN ( null
Line Number: 3 Start position: 28 IDENTIFIER n null
Line Number: 3 Start position: 30 EQUAL_EQUAL == null
Line Number: 3 Start position: 33 NUMBER 0 0.0
Line Number: 3 Start position: 34 RIGHT_PAREN ) null
Line Number: 3 Start position: 36 RETURN return null
Line Number: 3 Start position: 43 TRUE true null
Line Number: 3 Start position: 47 SEMICOLON ; null
Line Number: 4 Start position: 53 RETURN return null
Line Number: 4 Start position: 60 IDENTIFIER isOdd null
Line Number: 4 Start position: 65 LEFT_PAREN ( null
Line Number: 4 Start position: 66 IDENTIFIER n null
Line Number: 4 Start position: 68 MINUS - null
Line Number: 4 Start position: 70 NUMBER 1 1.0
Line Number: 4 Start position: 71 RIGHT_PAREN ) null
Line Number: 4 Start position: 72 SEMICOLON ; null
Line Number: 5 Start position: 129 RIGHT_BRACE } null
Line Number: 7 Start position: 134 FUN fun null
Line Number: 7 Start position: 138 IDENTIFIER isOdd null
Line Number: 7 Start position: 143 LEFT_PAREN ( null
Line Number: 7 Start position: 144 IDENTIFIER n null
Line Number: 7 Start position: 145 RIGHT_PAREN ) null
Line Number: 7 Start position: 147 LEFT_BRACE { null
Line Number: 8 Start position: 153 IF if null
Line Number: 8 Start position: 156 LEFT_PAREN ( null
Line Number: 8 Start position: 157 IDENTIFIER n null
Line Number: 8 Start position: 159 EQUAL_EQUAL == null
Line Number: 8 Start position: 162 NUMBER 0 0.0
Line Number: 8 Start position: 163 RIGHT_PAREN ) null
Line Number: 8 Start position: 165 RETURN return null
Line Number: 8 Start position: 172 FALSE false null
Line Number: 8 Start position: 177 SEMICOLON ; null
Line Number: 9 Start position: 183 RETURN return null
Line Number: 9 Start position: 190 IDENTIFIER isEven null
Line Number: 9 Start position: 196 LEFT_PAREN ( null
Line Number: 9 Start position: 197 IDENTIFIER n null
Line Number: 9 Start position: 199 MINUS - null
Line Number: 9 Start position: 201 NUMBER 1 1.0
Line Number: 9 Start position: 202 RIGHT_PAREN ) null
Line Number: 9 Start position: 203 SEMICOLON ; null
Line Number: 10 Start position: 207 RIGHT_BRACE } null
Line Number: 12 Start position: 212 IDENTIFIER isEven null
Line Number: 12 Start position: 218 LEFT_PAREN ( null
Line Number: 12 Start position: 219 NUMBER 4 4.0
Line Number: 12 Start position: 220 RIGHT_PAREN ) null
Line Number: 12 Start position: 221 SEMICOLON ; null
Line Number: 13 Start position: 223 RIGHT_BRACE } null
Line Number: 13 Start position: 223 EOF  null
